 tomeval

 Timestamp is 4ad87ed1 (Fri Oct 16 16:10:25 2009)

 Preferred load address is 00400000

 Start         Length     Name                   Class
 0001:00000000 00024892H .text                   CODE
 0001:00024892 000004e9H .text$AFX_AUX           CODE
 0001:00024d7b 00000038H .text$AFX_CMNCTL        CODE
 0001:00024db3 00000757H .text$AFX_COL1          CODE
 0001:0002550a 000002abH .text$AFX_COL2          CODE
 0001:000257b5 000064b9H .text$AFX_CORE1         CODE
 0001:0002bc6e 00000e30H .text$AFX_CORE2         CODE
 0001:0002ca9e 00000980H .text$AFX_CORE3         CODE
 0001:0002d41e 00000110H .text$AFX_CORE4         CODE
 0001:0002d52e 00001b1aH .text$AFX_INIT          CODE
 0001:0002f048 000000a8H .text$AFX_OLE1          CODE
 0001:0002f0f0 0000015eH .text$AFX_TERM          CODE
 0001:0002f250 00000ff6H .text$x                 CODE
 0002:00000000 00000488H .idata$5                DATA
 0002:00000490 00002620H .rdata                  DATA
 0002:00002ab0 00000d24H .rdata$r                DATA
 0002:000037d8 00001b10H .xdata$x                DATA
 0002:000052e8 000000a0H .idata$2                DATA
 0002:00005388 00000014H .idata$3                DATA
 0002:0000539c 00000488H .idata$4                DATA
 0002:00005824 000012d6H .idata$6                DATA
 0002:00006afa 00000000H .edata                  DATA
 0003:00000000 00000004H .CRT$XCA                DATA
 0003:00000004 0000002cH .CRT$XCC                DATA
 0003:00000030 00000010H .CRT$XCL                DATA
 0003:00000040 00000050H .CRT$XCU                DATA
 0003:00000090 00000004H .CRT$XCZ                DATA
 0003:00000094 00000004H .CRT$XIA                DATA
 0003:00000098 0000000cH .CRT$XIC                DATA
 0003:000000a4 00000004H .CRT$XIY                DATA
 0003:000000a8 00000004H .CRT$XIZ                DATA
 0003:000000ac 00000004H .CRT$XPA                DATA
 0003:000000b0 00000004H .CRT$XPX                DATA
 0003:000000b4 00000004H .CRT$XPZ                DATA
 0003:000000b8 00000004H .CRT$XTA                DATA
 0003:000000bc 00000004H .CRT$XTB                DATA
 0003:000000c0 00000004H .CRT$XTZ                DATA
 0003:000000d0 0000247dH .data                   DATA
 0003:00002550 00004498H .bss                    DATA
 0004:00000000 00000580H .rsrc$01                DATA
 0004:00000580 00003468H .rsrc$02                DATA

  Address         Publics by Value              Rva+Base     Lib:Object

 0001:00000000       ??0CConvert@@QAE@XZ        00401000 f   Convert.obj
 0001:00000030       ??_ECConvert@@UAEPAXI@Z    00401030 f i Convert.obj
 0001:00000030       ??_GCConvert@@UAEPAXI@Z    00401030 f i Convert.obj
 0001:00000050       ??1CConvert@@UAE@XZ        00401050 f   Convert.obj
 0001:000000a0       ?Load@CConvert@@QAEFPBD@Z  004010a0 f   Convert.obj
 0001:00000360       ?Serialize@?$CArray@USConvert@CConvert@@U12@@@UAEXAAVCArchive@@@Z 00401360 f i Convert.obj
 0001:00000550       ??_G?$CArray@USConvert@CConvert@@U12@@@UAEPAXI@Z 00401550 f i Convert.obj
 0001:00000550       ??_E?$CArray@USConvert@CConvert@@U12@@@UAEPAXI@Z 00401550 f i Convert.obj
 0001:00000570       ??1?$CArray@USConvert@CConvert@@U12@@@UAE@XZ 00401570 f i Convert.obj
 0001:000005c0       ?SetSize@?$CArray@USConvert@CConvert@@U12@@@QAEXHH@Z 004015c0 f i Convert.obj
 0001:00000750       ??1CException@@UAE@XZ      00401750 f i Convert.obj
 0001:00000750       ??1CObject@@UAE@XZ         00401750 f i Convert.obj
 0001:00000760       ??_GCFileException@@UAEPAXI@Z 00401760 f i Convert.obj
 0001:00000760       ??_ECFileException@@UAEPAXI@Z 00401760 f i Convert.obj
 0001:00000780       ??1CFileException@@UAE@XZ  00401780 f i Convert.obj
 0001:000007c0       ??0CEval@@QAE@XZ           004017c0 f   Eval.obj
 0001:00000840       ??_GCEval@@UAEPAXI@Z       00401840 f i Eval.obj
 0001:00000840       ??_ECEval@@UAEPAXI@Z       00401840 f i Eval.obj
 0001:00000860       ??1CEval@@UAE@XZ           00401860 f   Eval.obj
 0001:00000940       ?LanceEval@CEval@@QAEFPAUHWND__@@0PBD1@Z 00401940 f   Eval.obj
 0001:00000aa0       ?GetNrLien@CEval@@QAEFXZ   00401aa0 f   Eval.obj
 0001:00000b10       ?GetTomCDZ@CEval@@QAEPAVCTomjob@@F_N@Z 00401b10 f   Eval.obj
 0001:00000d20       ?DeleteTomCDZ@CEval@@AAEPAVCTomjob@@F@Z 00401d20 f   Eval.obj
 0001:00000d90       ?DeleteLien@CEval@@AAEXF@Z 00401d90 f   Eval.obj
 0001:00000de0       ?VerifieLeLien@CEval@@AAEXF@Z 00401de0 f   Eval.obj
 0001:00000e30       ?LanceEvalMarginal@CEval@@QAEFFPAUHWND__@@PBD1J@Z 00401e30 f   Eval.obj
 0001:00000ea0       ?TermineEvalMarginal@CEval@@QAEFF@Z 00401ea0 f   Eval.obj
 0001:00000f00       ?GetRestom@CEval@@QAEFF@Z  00401f00 f   Eval.obj
 0001:00000f30       ?AjouteSpotMarginal@CEval@@QAEFF@Z 00401f30 f   Eval.obj
 0001:00000f90       ?AjouteSpotZoom@CEval@@QAEFF@Z 00401f90 f   Eval.obj
 0001:00001010       ?BreakCalcul@CEval@@QAEXXZ 00402010 f   Eval.obj
 0001:00001020       ?TerminerPossible@CEval@@QAEFXZ 00402020 f   Eval.obj
 0001:00001040       ??1?$CArray@PAVCTomjob@@PAV1@@@UAE@XZ 00402040 f i Eval.obj
 0001:00001090       ?Serialize@?$CArray@MAAM@@UAEXAAVCArchive@@@Z 00402090 f i Eval.obj
 0001:00001090       ?Serialize@?$CArray@PAVCFicVagueCIB@@PAV1@@@UAEXAAVCArchive@@@Z 00402090 f i Eval.obj
 0001:00001090       ?Serialize@?$CArray@PAVCTomjob@@PAV1@@@UAEXAAVCArchive@@@Z 00402090 f i Eval.obj
 0001:00001220       ??_E?$CArray@PAVCTomjob@@PAV1@@@UAEPAXI@Z 00402220 f i Eval.obj
 0001:00001220       ??_G?$CArray@PAVCTomjob@@PAV1@@@UAEPAXI@Z 00402220 f i Eval.obj
 0001:00001240       ?SetSize@?$CArray@PAVCTomjob@@PAV1@@@QAEXHH@Z 00402240 f i Eval.obj
 0001:00001380       ??0CFicAUX@@QAE@XZ         00402380 f   FicAUX.obj
 0001:00001390       ??1CFicAUX@@UAE@XZ         00402390 f   FicAUX.obj
 0001:000013a0       ?LoadVague@CFicAUX@@QAEFPBD0PAUHWND__@@@Z 004023a0 f   FicAUX.obj
 0001:000019c0       ?FreeVague@CFicAUX@@QAEXXZ 004029c0 f   FicAUX.obj
 0001:00001ba0       ?TrouveProbas@CFicAUX@@QAEFFFFFAAFAAPAUSCouvIndiv@@@Z 00402ba0 f   FicAUX.obj
 0001:00001d40       ?LoadRatio@CFicAUX@@QAEXPAJFPAFF@Z 00402d40 f   FicAUX.obj
 0001:00001f50       ??0CFicVagueCIB@@QAE@XZ    00402f50 f   FicCIB.obj
 0001:00001f80       ??_GCFicVagueCIB@@UAEPAXI@Z 00402f80 f i FicCIB.obj
 0001:00001f80       ??_ECFicVagueCIB@@UAEPAXI@Z 00402f80 f i FicCIB.obj
 0001:00001fa0       ??1CFicVagueCIB@@UAE@XZ    00402fa0 f   FicCIB.obj
 0001:00002000       ?LoadVague@CFicVagueCIB@@QAEFPBD0F@Z 00403000 f   FicCIB.obj
 0001:000021a0       ?FreeVague@CFicVagueCIB@@QAEXXZ 004031a0 f   FicCIB.obj
 0001:000021c0       ?LoadPoidsCible@CFicVagueCIB@@QAEFFAAPAJ@Z 004031c0 f   FicCIB.obj
 0001:00002320       ??0CFicLBX@@QAE@XZ         00403320 f   FicLBX.obj
 0001:000023d0       ??1CFicLBX@@UAE@XZ         004033d0 f   FicLBX.obj
 0001:00002460       ?LoadVague@CFicLBX@@QAEFPBD0@Z 00403460 f   FicLBX.obj
 0001:000026f0       ?FreeVague@CFicLBX@@QAEXXZ 004036f0 f   FicLBX.obj
 0001:00002740       ??1Record@CFicLBX@@QAE@XZ  00403740 f i FicLBX.obj
 0001:00002750       ?GetNrIndex@CFicLBX@@QAEFF@Z 00403750 f   FicLBX.obj
 0001:00002780       ?GetNbModalite@CFicLBX@@QAEFF@Z 00403780 f   FicLBX.obj
 0001:000027c0       ?GetNrModaliteIndiv@CFicLBX@@QAEFFPADF@Z 004037c0 f   FicLBX.obj
 0001:00002970       ??0CFicTbl@@QAE@XZ         00403970 f   FicTbl.obj
 0001:000029e0       ??_ECFicTbl@@UAEPAXI@Z     004039e0 f i FicTbl.obj
 0001:000029e0       ??_GCFicTbl@@UAEPAXI@Z     004039e0 f i FicTbl.obj
 0001:00002a00       ??1CFicTbl@@UAE@XZ         00403a00 f   FicTbl.obj
 0001:00002a80       ?OpenFile@CFicTbl@@QAEFPBDD@Z 00403a80 f   FicTbl.obj
 0001:00002ba0       ?CloseFile@CFicTbl@@QAEFXZ 00403ba0 f   FicTbl.obj
 0001:00002bc0       ?FindStar@CFicTbl@@QAEFXZ  00403bc0 f   FicTbl.obj
 0001:00002cb0       ?FindHash@CFicTbl@@QAEFXZ  00403cb0 f   FicTbl.obj
 0001:00002da0       ?SupBlancsFin@CFicTbl@@AAEXPAD@Z 00403da0 f   FicTbl.obj
 0001:00002de0       ?SupprimeCARIAGE_LINE@CFicTbl@@AAEXPAD@Z 00403de0 f   FicTbl.obj
 0001:00002e20       ?FormatteLine@CFicTbl@@AAEFXZ 00403e20 f   FicTbl.obj
 0001:00002e90       ?SetLineFormat@CFicTbl@@QAEFFFFFFFFFFFFFFFFFF@Z 00403e90 f   FicTbl.obj
 0001:00003160       ?ReadLine@CFicTbl@@QAEFXZ  00404160 f   FicTbl.obj
 0001:00003270       ?GetChar@CFicTbl@@QAEDF@Z  00404270 f   FicTbl.obj
 0001:00003290       ?GetCharPtr@CFicTbl@@QAEPBDF@Z 00404290 f   FicTbl.obj
 0001:000032b0       ?GetShort@CFicTbl@@QAEFF@Z 004042b0 f   FicTbl.obj
 0001:000032d0       ??0CFicVague@@QAE@XZ       004042d0 f   FicVague.obj
 0001:00003350       ??_ECFicVague@@UAEPAXI@Z   00404350 f i FicVague.obj
 0001:00003350       ??_GCFicVague@@UAEPAXI@Z   00404350 f i FicVague.obj
 0001:00003370       ??1CFicVague@@UAE@XZ       00404370 f   FicVague.obj
 0001:000033d0       ?LoadFile@CFicVague@@QAEFPBD@Z 004043d0 f   FicVague.obj
 0001:00003570       ?GetNrIndex@CFicVague@@QAEFPBD@Z 00404570 f   FicVague.obj
 0001:000035e0       ?GetNbIndiv@CFicVague@@QAEJF@Z 004045e0 f   FicVague.obj
 0001:00003630       ?FreeRecord@CFicVague@@AAEXXZ 00404630 f   FicVague.obj
 0001:00003670       ?GetNbVague@CFicVague@@QAEFXZ 00404670 f   FicVague.obj
 0001:00003680       ??0CSource@@QAE@XZ         00404680 f   Source.obj
 0001:00003700       ??_GCSource@@UAEPAXI@Z     00404700 f i Source.obj
 0001:00003700       ??_ECSource@@UAEPAXI@Z     00404700 f i Source.obj
 0001:00003720       ??1CSource@@UAE@XZ         00404720 f   Source.obj
 0001:000037b0       ?LoadSource@CSource@@QAEFPBD@Z 004047b0 f   Source.obj
 0001:00003950       ??_ECFicAUX@@UAEPAXI@Z     00404950 f i Source.obj
 0001:000039b0       ??_ECFicLBX@@UAEPAXI@Z     004049b0 f i Source.obj
 0001:00003a10       ?LoadVague@CSource@@QAEFPBDPAUHWND__@@@Z 00404a10 f   Source.obj
 0001:00003ab0       ?FreeSource@CSource@@QAEXXZ 00404ab0 f   Source.obj
 0001:00003b10       ?GetNbIndiv@CSource@@QAEFXZ 00404b10 f   Source.obj
 0001:00003b20       ?GetFicCib@CSource@@QAEPAVCFicVagueCIB@@XZ 00404b20 f   Source.obj
 0001:00003b30       ?GetFicAux@CSource@@QAEPAVCFicAUX@@XZ 00404b30 f   Source.obj
 0001:00003b50       ?GetFicLbx@CSource@@QAEPAVCFicLBX@@XZ 00404b50 f   Source.obj
 0001:00003b70       ?TrouveCible@CSource@@AAEXPBD0H@Z 00404b70 f   Source.obj
 0001:00003dc0       ??1?$CArray@PAVCFicVagueCIB@@PAV1@@@UAE@XZ 00404dc0 f i Source.obj
 0001:00003e10       ??_E?$CArray@PAVCFicVagueCIB@@PAV1@@@UAEPAXI@Z 00404e10 f i Source.obj
 0001:00003e10       ??_G?$CArray@PAVCFicVagueCIB@@PAV1@@@UAEPAXI@Z 00404e10 f i Source.obj
 0001:00003e30       ?CheckDate@@YAHXZ          00404e30 f   stdfonc.obj
 0001:00003ec0       ?AfficheMessage@@YAXPBD@Z  00404ec0 f   stdfonc.obj
 0001:00003ee0       ?AfficheErreur@@YAXPBD@Z   00404ee0 f   stdfonc.obj
 0001:00003f00       ?EvaluerPlan@CTomjob@@QAEFXZ 00404f00 f   tomcalc.obj
 0001:000040c0       ?EvaluerPlanMarginal@CTomjob@@QAEFD_N@Z 004050c0 f   tomcalc.obj
 0001:00004140       ?PrepareCalcul@@YAXXZ      00405140 f   tomcalc.obj
 0001:00004450       ?FinPrepareCalcul@@YAXXZ   00405450 f   tomcalc.obj
 0001:00004520       ?AlloueCalcul@CTomjob@@AAEXXZ 00405520 f   tomcalc.obj
 0001:00005430       ?LibereCalcul@CTomjob@@AAEXXZ 00406430 f   tomcalc.obj
 0001:00005d10       ?CalculCoeffExRed@CTomjob@@AAEXF@Z 00406d10 f   tomcalc.obj
 0001:00005f50       ?CalculCoeffExRedVentile@CTomjob@@AAEXFF@Z 00406f50 f   tomcalc.obj
 0001:00006270       ?CalculMediaWeight@CTomjob@@AAEXF@Z 00407270 f   tomcalc.obj
 0001:000065d0       ?CalculMediaWeightNouveauSpot@CTomjob@@AAEXFFD@Z 004075d0 f   tomcalc.obj
 0001:000067f0       ?CalculMediaWeightVentile@CTomjob@@AAEXFF@Z 004077f0 f   tomcalc.obj
 0001:00007190       ?EvaluerSousPlan@CTomjob@@AAEXFFDD@Z 00408190 f   tomcalc.obj
 0001:00008350       ?CalculVentilation@CTomjob@@AAEXFFF@Z 00409350 f   tomcalc.obj
 0001:00008be0       ?CalculVentilationInterne@CTomjob@@AAEXFFF@Z 00409be0 f   tomcalc.obj
 0001:00009510       ?ConsolideResultat@CTomjob@@AAEXDD@Z 0040a510 f   tomcalc.obj
 0001:00009d60       ?CalculTableauCroise@CTomjob@@AAEXDD@Z 0040ad60 f   tomcalc.obj
 0001:0000a110       ?CalculApportScanner@CTomjob@@QAEXH@Z 0040b110 f   tomcalc.obj
 0001:0000a170       ?CalculCouvertureValide@CTomjob@@AAEXDD@Z 0040b170 f   tomcalc.obj
 0001:0000a2c0       ?CalculCourbeReponse@CTomjob@@AAEXD@Z 0040b2c0 f   tomcalc.obj
 0001:0000a3a0       ?CalculBetaZero@CTomjob@@AAENF@Z 0040b3a0 f   tomcalc.obj
 0001:0000a550       ?CalculDuplication@CTomjob@@AAEXAAGNN@Z 0040b550 f   tomcalc.obj
 0001:0000a6d0       ?EvaluerApportJournalier@CTomjob@@AAEXFF@Z 0040b6d0 f   tomcalc.obj
 0001:0000b0e0       ?TrouveJourActif@CTomjob@@AAEXF@Z 0040c0e0 f   tomcalc.obj
 0001:0000b3d0       ?SetSize@?$CArray@VSJour@@V1@@@QAEXHH@Z 0040c3d0 f i tomcalc.obj
 0001:0000b520       ?ConstructElements@@YGXPAVSJour@@H@Z 0040c520 f i tomcalc.obj
 0001:0000b570       ?GetMessageMap@CTomevalApp@@MBEPBUAFX_MSGMAP@@XZ 0040c570 f   tomeval.obj
 0001:0000b580       ??0CTomevalApp@@QAE@XZ     0040c580 f   tomeval.obj
 0001:0000b5b0       ??_ECTomevalApp@@UAEPAXI@Z 0040c5b0 f i tomeval.obj
 0001:0000b5b0       ??_GCTomevalApp@@UAEPAXI@Z 0040c5b0 f i tomeval.obj
 0001:0000b5d0       ??1CTomevalApp@@UAE@XZ     0040c5d0 f i tomeval.obj
 0001:0000b670       ?InitInstance@CTomevalApp@@UAEHXZ 0040c670 f   tomeval.obj
 0001:0000b850       ??1CTomevalDlg@@UAE@XZ     0040c850 f i tomeval.obj
 0001:0000b930       ??0CAboutDlg@@QAE@XZ       0040c930 f   tomevalDlg.obj
 0001:0000b950       ??_GCAboutDlg@@UAEPAXI@Z   0040c950 f i tomevalDlg.obj
 0001:0000b950       ??_ECAboutDlg@@UAEPAXI@Z   0040c950 f i tomevalDlg.obj
 0001:0000b970       ??1CAboutDlg@@UAE@XZ       0040c970 f i tomevalDlg.obj
 0001:0000b980       ?DoDataExchange@CAboutDlg@@MAEXPAVCDataExchange@@@Z 0040c980 f   tomevalDlg.obj
 0001:0000b990       ?GetMessageMap@CAboutDlg@@MBEPBUAFX_MSGMAP@@XZ 0040c990 f   tomevalDlg.obj
 0001:0000b9a0       ??0CTomevalDlg@@QAE@PAVCWnd@@@Z 0040c9a0 f   tomevalDlg.obj
 0001:0000bb10       ??_ECTomevalDlg@@UAEPAXI@Z 0040cb10 f i tomevalDlg.obj
 0001:0000bb10       ??_GCTomevalDlg@@UAEPAXI@Z 0040cb10 f i tomevalDlg.obj
 0001:0000bb30       ?DoDataExchange@CTomevalDlg@@MAEXPAVCDataExchange@@@Z 0040cb30 f   tomevalDlg.obj
 0001:0000bc20       ?GetMessageMap@CTomevalDlg@@MBEPBUAFX_MSGMAP@@XZ 0040cc20 f   tomevalDlg.obj
 0001:0000bc30       ?OnInitDialog@CTomevalDlg@@MAEHXZ 0040cc30 f   tomevalDlg.obj
 0001:0000bda0       ?OnPaint@CTomevalDlg@@IAEXXZ 0040cda0 f   tomevalDlg.obj
 0001:0000be60       ?LanceJobBackround@@YAIPAX@Z 0040ce60 f   tomevalDlg.obj
 0001:0000be90       ?OnMsgTom_TomjobReady@CTomevalDlg@@QAEJIJ@Z 0040ce90 f   tomevalDlg.obj
 0001:0000bec0       ?OnMsgTom_AuRevoir@CTomevalDlg@@QAEJIJ@Z 0040cec0 f   tomevalDlg.obj
 0001:0000bee0       ?OnMsgTom_BreakCalcul@CTomevalDlg@@QAEJIJ@Z 0040cee0 f   tomevalDlg.obj
 0001:0000bef0       ?OnClose@CTomevalDlg@@IAEXXZ 0040cef0 f   tomevalDlg.obj
 0001:0000bf00       ?OnBoutonAurevoir@CTomevalDlg@@IAEXXZ 0040cf00 f   tomevalDlg.obj
 0001:0000bf20       ?OnBoutonBreak@CTomevalDlg@@IAEXXZ 0040cf20 f   tomevalDlg.obj
 0001:0000bf40       ?OnMsgTom_HideTomeval@CTomevalDlg@@QAEJIJ@Z 0040cf40 f   tomevalDlg.obj
 0001:0000bf50       ?OnMsgTom_GetLien@CTomevalDlg@@QAEJIJ@Z 0040cf50 f   tomevalDlg.obj
 0001:0000bf70       ?OnMsgTom_Info1@CTomevalDlg@@QAEJIJ@Z 0040cf70 f   tomevalDlg.obj
 0001:0000bfa0       ?OnMsgTom_Info2@CTomevalDlg@@QAEJIJ@Z 0040cfa0 f   tomevalDlg.obj
 0001:0000bfd0       ?OnMsgTom_RestomReady@CTomevalDlg@@QAEJIJ@Z 0040cfd0 f   tomevalDlg.obj
 0001:0000bff0       ?OnMsgTom_TOMCDZReady@CTomevalDlg@@QAEJIJ@Z 0040cff0 f   tomevalDlg.obj
 0001:0000c020       ?OnMsgTom_TOMCDZEnd@CTomevalDlg@@QAEJIJ@Z 0040d020 f   tomevalDlg.obj
 0001:0000c040       ?OnMsgTom_TOMCDZGetRestom@CTomevalDlg@@QAEJIJ@Z 0040d040 f   tomevalDlg.obj
 0001:0000c060       ?OnMsgTom_AddSpot@CTomevalDlg@@QAEJIJ@Z 0040d060 f   tomevalDlg.obj
 0001:0000c090       ?OnMsgTom_AddZoom@CTomevalDlg@@QAEJIJ@Z 0040d090 f   tomevalDlg.obj
 0001:0000c0c0       ?OnBouton_TomCDZReady@CTomevalDlg@@IAEXXZ 0040d0c0 f   tomevalDlg.obj
 0001:0000c110       ?OnBouton_TomCDZEnd@CTomevalDlg@@IAEXXZ 0040d110 f   tomevalDlg.obj
 0001:0000c140       ?OnDestroy@CTomevalDlg@@IAEXXZ 0040d140 f   tomevalDlg.obj
 0001:0000c150       ?OnBouton_Addspot@CTomevalDlg@@IAEXXZ 0040d150 f   tomevalDlg.obj
 0001:0000c190       ?OnBouton_AddZoom@CTomevalDlg@@IAEXXZ 0040d190 f   tomevalDlg.obj
 0001:0000c1d0       ?OnBouton_GetNrLien@CTomevalDlg@@IAEXXZ 0040d1d0 f   tomevalDlg.obj
 0001:0000c200       ?PreCreateWindow@CTomevalDlg@@MAEHAAUtagCREATESTRUCTA@@@Z 0040d200 f   tomevalDlg.obj
 0001:0000c210       ?OnBoutonEvaluation@CTomevalDlg@@IAEXXZ 0040d210 f   tomevalDlg.obj
 0001:0000c240       ?OnSysCommand@CTomevalDlg@@IAEXIJ@Z 0040d240 f   tomevalDlg.obj
 0001:0000c2c0       ?OnInitDialog@CAboutDlg@@MAEHXZ 0040d2c0 f   tomevalDlg.obj
 0001:0000c400       ?DoDataExchange@CWnd@@MAEXPAVCDataExchange@@@Z 0040d400 f i tomevalDlg.obj
 0001:0000c400       ?Serialize@CObject@@UAEXAAVCArchive@@@Z 0040d400 f i tomevalDlg.obj
 0001:0000c410       ?BeginModalState@CWnd@@UAEXXZ 0040d410 f i tomevalDlg.obj
 0001:0000c420       ?EndModalState@CWnd@@UAEXXZ 0040d420 f i tomevalDlg.obj
 0001:0000c430       ??_GCButton@@UAEPAXI@Z     0040d430 f i tomevalDlg.obj
 0001:0000c430       ??_ECButton@@UAEPAXI@Z     0040d430 f i tomevalDlg.obj
 0001:0000c450       ??_GCProgressCtrl@@UAEPAXI@Z 0040d450 f i tomevalDlg.obj
 0001:0000c450       ??_ECProgressCtrl@@UAEPAXI@Z 0040d450 f i tomevalDlg.obj
 0001:0000c470       ?GetRes@CTomjob@@AAEFPAU_iobuf@@PADF@Z 0040d470 f   tomfich.obj
 0001:0000c520       ?AlloueStructTomjob@CTomjob@@QAEXD_N@Z 0040d520 f   tomfich.obj
 0001:0000c860       ?LectureTomjob@CTomjob@@QAEFPBD0PAUHWND__@@D@Z 0040d860 f   tomfich.obj
 0001:0000e0b0       ?LectureTomjobMarginal@CTomjob@@QAEFD@Z 0040f0b0 f   tomfich.obj
 0001:0000e420       ?TrouveNrIndexRegion@CTomjob@@AAEFJF@Z 0040f420 f   tomfich.obj
 0001:0000e490       ?AnnuleMemoZoom@CTomjob@@AAEXXZ 0040f490 f   tomfich.obj
 0001:0000e510       ?CopieSourceZoom@CTomjob@@QAEFXZ 0040f510 f   tomfich.obj
 0001:0000e6c0       ?InsertNouveauSpot@CTomjob@@QAEFD@Z 0040f6c0 f   tomfich.obj
 0001:0000e700       ?InsertNewSup@CTomjob@@AAEFFD@Z 0040f700 f   tomfich.obj
 0001:0000ecf0       ??0CString@@QAE@XZ         0040fcf0 f i tomfich.obj
 0001:0000ed00       ?EcritureRestom@CTomjob@@QAEJD@Z 0040fd00 f   tomfich.obj
 0001:0000f550       ?LibereStructTomjob@CTomjob@@QAEXXZ 00410550 f   tomfich.obj
 0001:0000faf0       ??1STOMJOB@@QAE@XZ         00410af0 f i tomfich.obj
 0001:0000fbe0       ??0CTomjob@@QAE@XZ         00410be0 f   tomfich.obj
 0001:0000fc60       ??1CTomjob@@QAE@XZ         00410c60 f   tomfich.obj
 0001:0000fce0       ?MarqueLesIndividus@CTomjob@@AAEXFFD@Z 00410ce0 f   tomfich.obj
 0001:0000fd50       ?EvaluerApportSemaine@CTomjob@@AAEXXZ 00410d50 f   tomfich.obj
 0001:000100e0       ?EvaluerApportSemaineGlissante@CTomjob@@AAEXXZ 004110e0 f   tomfich.obj
 0001:00010510       ??1?$CArray@MAAM@@UAE@XZ   00411510 f i tomfich.obj
 0001:00010560       ??0?$CArray@VSJour@@V1@@@QAE@XZ 00411560 f i tomfich.obj
 0001:00010580       ??1?$CArray@VSJour@@V1@@@UAE@XZ 00411580 f i tomfich.obj
 0001:000105d0       ?Serialize@?$CArray@VSJour@@V1@@@UAEXAAVCArchive@@@Z 004115d0 f i tomfich.obj
 0001:00010780       ??_E?$CArray@MAAM@@UAEPAXI@Z 00411780 f i tomfich.obj
 0001:00010780       ??_G?$CArray@MAAM@@UAEPAXI@Z 00411780 f i tomfich.obj
 0001:000107a0       ??_G?$CArray@VSJour@@V1@@@UAEPAXI@Z 004117a0 f i tomfich.obj
 0001:000107a0       ??_E?$CArray@VSJour@@V1@@@UAEPAXI@Z 004117a0 f i tomfich.obj
 0001:00010840       ?FindSupportCalcul@CTomjob@@AAEFFFPAUSLISTESUPPORT@@D@Z 00411840 f   tomsourc.obj
 0001:00010c70       ?LierSource@CTomjob@@QAEFXZ 00411c70 f   tomsourc.obj
 0001:000112d0       ?LoadDefaultProba@CTomjob@@AAEXXZ 004122d0 f   tomsourc.obj
 0001:000113b0       ?LierNouveauSpot@CTomjob@@AAEFFFD@Z 004123b0 f   tomsourc.obj
 0001:000114e0       ?FindSupportOriginel@CTomjob@@AAEPAUSCouvSupports@@PAUSLISTESUPPORT@@FKFNPAJ@Z 004124e0 f   tomsourc.obj
 0001:00011790       ?DelierSource@CTomjob@@AAEXXZ 00412790 f   tomsourc.obj
 0001:000118a0       ?TrouveSource@CTomjob@@AAEPAUSLISTESUPPORT@@FFFPADF@Z 004128a0 f   tomsourc.obj
 0001:000119a0       ?ChargerSource@CTomjob@@AAEFPAUSLISTESUPPORT@@F@Z 004129a0 f   tomsourc.obj
 0001:000119c0       ?LibererSource@CTomjob@@QAEXXZ 004129c0 f   tomsourc.obj
 0001:00011aa0       ?ChargerSup0@CTomjob@@AAEFPAUSLISTESUPPORT@@@Z 00412aa0 f   tomsourc.obj
 0001:00012090       ??0CMemoryException@@QAE@HI@Z 00413090 f i nafxcw:except.obj
 0001:000120ba       ??_GCMemoryException@@UAEPAXI@Z 004130ba f i nafxcw:except.obj
 0001:000120ba       ??_ECMemoryException@@UAEPAXI@Z 004130ba f i nafxcw:except.obj
 0001:000120d6       ??1CMemoryException@@UAE@XZ 004130d6 f i nafxcw:except.obj
 0001:000120dd       ??0CNotSupportedException@@QAE@HI@Z 004130dd f i nafxcw:except.obj
 0001:00012107       ??_GCNotSupportedException@@UAEPAXI@Z 00413107 f i nafxcw:except.obj
 0001:00012107       ??_ECNotSupportedException@@UAEPAXI@Z 00413107 f i nafxcw:except.obj
 0001:00012123       ??1CNotSupportedException@@UAE@XZ 00413123 f i nafxcw:except.obj
 0001:0001212a       ??3CObject@@SGXPAX@Z       0041312a f i nafxcw:filex.obj
 0001:00012137       ?SetFilePath@CFile@@UAEXPBD@Z 00413137 f i nafxcw:filetxt.obj
 0001:00012146       ?AfxGetMainWnd@@YGPAVCWnd@@XZ 00413146 f i nafxcw:appui1.obj
 0001:0001215a       ??6CArchive@@QAEAAV0@E@Z   0041315a f i nafxcw:arccore.obj
 0001:0001217d       ??6CArchive@@QAEAAV0@G@Z   0041317d f i nafxcw:arccore.obj
 0001:000121a4       ??6CArchive@@QAEAAV0@K@Z   004131a4 f i nafxcw:arccore.obj
 0001:000121ca       ??5CArchive@@QAEAAV0@AAE@Z 004131ca f i nafxcw:arccore.obj
 0001:000121f9       ??5CArchive@@QAEAAV0@AAG@Z 004131f9 f i nafxcw:arccore.obj
 0001:0001222c       ??5CArchive@@QAEAAV0@AAK@Z 0041322c f i nafxcw:arccore.obj
 0001:0001225e       ?_AfxOleDateFromTm@@YGHGGGGGGAAN@Z 0041325e f   nafxcw:olevar.obj
 0001:0001239b       ?_AfxTmFromOleDate@@YGHNAAUtm@@@Z 0041339b f   nafxcw:olevar.obj
 0001:00012576       ?_AfxTmConvertToStandardFormat@@YGXAAUtm@@@Z 00413576 f   nafxcw:olevar.obj
 0001:0001258d       ?_AfxDoubleFromDate@@YGNN@Z 0041358d f   nafxcw:olevar.obj
 0001:000125b3       ?_AfxDateFromDouble@@YGNN@Z 004135b3 f   nafxcw:olevar.obj
 0001:000125d9       ?GetTickCount@COleDateTime@@SG?AV1@XZ 004135d9 f   nafxcw:olevar.obj
 0001:00012608       ?GetYear@COleDateTime@@QBEHXZ 00413608 f   nafxcw:olevar.obj
 0001:00012632       ?GetDayOfWeek@COleDateTime@@QBEHXZ 00413632 f   nafxcw:olevar.obj
 0001:0001265c       ??4COleDateTime@@QAEABV0@N@Z 0041365c f   nafxcw:olevar.obj
 0001:0001266b       ??4COleDateTime@@QAEABV0@ABJ@Z 0041366b f   nafxcw:olevar.obj
 0001:000126bc       ??HCOleDateTime@@QBE?AV0@ABVCOleDateTimeSpan@@@Z 004136bc f   nafxcw:olevar.obj
 0001:00012739       ??GCOleDateTime@@QBE?AV0@ABVCOleDateTimeSpan@@@Z 00413739 f   nafxcw:olevar.obj
 0001:000127b6       ??GCOleDateTime@@QBE?AVCOleDateTimeSpan@@ABV0@@Z 004137b6 f   nafxcw:olevar.obj
 0001:00012815       ?SetDateTime@COleDateTime@@QAEHHHHHHH@Z 00413815 f   nafxcw:olevar.obj
 0001:00012840       ?ParseDateTime@COleDateTime@@QAEHPBDKK@Z 00413840 f   nafxcw:olevar.obj
 0001:0001290a       ?Format@COleDateTime@@QBE?AVCString@@PBD@Z 0041390a f   nafxcw:olevar.obj
 0001:000129ce       ?CheckRange@COleDateTime@@IAEXXZ 004139ce f   nafxcw:olevar.obj
 0001:000129f0       ??4COleDateTimeSpan@@QAEABV0@ABV0@@Z 004139f0 f   nafxcw:olevar.obj
 0001:00012a03       ?SetDateTimeSpan@COleDateTimeSpan@@QAEXJHHH@Z 00413a03 f   nafxcw:olevar.obj
 0001:00012a32       ??1CNoTrackObject@@UAE@XZ  00413a32 f i nafxcw:appcore.obj
 0001:00012a33       ??_9@$BME@AE               00413a33 f i nafxcw:dlgcore.obj
 0001:00012a3b       ??_9@$BMI@AE               00413a3b f i nafxcw:dlgcore.obj
 0001:00012a43       ??_GCGdiObject@@UAEPAXI@Z  00413a43 f i nafxcw:winctrl2.obj
 0001:00012a43       ??_ECGdiObject@@UAEPAXI@Z  00413a43 f i nafxcw:winctrl2.obj
 0001:00012a5f       ??1CGdiObject@@UAE@XZ      00413a5f f i nafxcw:winctrl2.obj
 0001:00012a88       _InitMultipleMonitorStubs  00413a88 f   nafxcw:wincore.obj
 0001:00012b60       _xMonitorFromRect@8        00413b60 f   nafxcw:wincore.obj
 0001:00012bb6       _xMonitorFromWindow@8      00413bb6 f   nafxcw:wincore.obj
 0001:00012c21       _xGetMonitorInfo@8         00413c21 f   nafxcw:wincore.obj
 0001:00012cb4       ?GetOwner@CWnd@@QBEPAV1@XZ 00413cb4 f i nafxcw:wincore.obj
 0001:00012ccb       ??1CWaitCursor@@QAE@XZ     00413ccb f i nafxcw:wincore.obj
 0001:00012cd8       ??_GCMenu@@UAEPAXI@Z       00413cd8 f i nafxcw:winmenu.obj
 0001:00012cd8       ??_ECMenu@@UAEPAXI@Z       00413cd8 f i nafxcw:winmenu.obj
 0001:00012cf4       ??1CMenu@@UAE@XZ           00413cf4 f i nafxcw:winmenu.obj
 0001:00012d1d       ??0CResourceException@@QAE@HI@Z 00413d1d f i nafxcw:wingdi.obj
 0001:00012d47       ??_GCResourceException@@UAEPAXI@Z 00413d47 f i nafxcw:wingdi.obj
 0001:00012d47       ??_ECResourceException@@UAEPAXI@Z 00413d47 f i nafxcw:wingdi.obj
 0001:00012d63       ??1CResourceException@@UAE@XZ 00413d63 f i nafxcw:wingdi.obj
 0001:00012d6a       ??0CUserException@@QAE@HI@Z 00413d6a f i nafxcw:wingdi.obj
 0001:00012d94       ??_ECUserException@@UAEPAXI@Z 00413d94 f i nafxcw:wingdi.obj
 0001:00012d94       ??_GCUserException@@UAEPAXI@Z 00413d94 f i nafxcw:wingdi.obj
 0001:00012db0       ??1CUserException@@UAE@XZ  00413db0 f i nafxcw:wingdi.obj
 0001:00012db7       ?PtVisible@CDC@@UBEHHH@Z   00413db7 f i nafxcw:wingdi.obj
 0001:00012dcb       ?RectVisible@CDC@@UBEHPBUtagRECT@@@Z 00413dcb f i nafxcw:wingdi.obj
 0001:00012ddb       ?TextOutA@CDC@@UAEHHHPBDH@Z 00413ddb f i nafxcw:wingdi.obj
 0001:00012df7       ?ExtTextOutA@CDC@@UAEHHHIPBUtagRECT@@PBDIPAH@Z 00413df7 f i nafxcw:wingdi.obj
 0001:00012e1c       ?TabbedTextOutA@CDC@@UAE?AVCSize@@HHPBDHHPAHH@Z 00413e1c f i nafxcw:wingdi.obj
 0001:00012e54       ?DrawTextA@CDC@@UAEHPBDHPAUtagRECT@@I@Z 00413e54 f i nafxcw:wingdi.obj
 0001:00012e70       ?GrayStringA@CDC@@UAEHPAVCBrush@@P6GHPAUHDC__@@JH@ZJHHHHH@Z 00413e70 f i nafxcw:wingdi.obj
 0001:00012ea0       ?Escape@CDC@@UAEHHHPBDPAX@Z 00413ea0 f i nafxcw:wingdi.obj
 0001:00012ebc       ??0CFixedAlloc@@QAE@II@Z   00413ebc f   nafxcw:fixalloc.obj
 0001:00012ee4       ??1CFixedAlloc@@QAE@XZ     00413ee4 f   nafxcw:fixalloc.obj
 0001:00012ef8       ?FreeAll@CFixedAlloc@@QAEXXZ 00413ef8 f   nafxcw:fixalloc.obj
 0001:00012f20       ?Alloc@CFixedAlloc@@QAEPAXXZ 00413f20 f   nafxcw:fixalloc.obj
 0001:00012faf       ?Free@CFixedAlloc@@QAEXPAX@Z 00413faf f   nafxcw:fixalloc.obj
 0001:00012fdb       ??_ECArchiveException@@UAEPAXI@Z 00413fdb f i nafxcw:arcex.obj
 0001:00012fdb       ??_GCArchiveException@@UAEPAXI@Z 00413fdb f i nafxcw:arcex.obj
 0001:00012ff7       ??1CArchiveException@@UAE@XZ 00413ff7 f i nafxcw:arcex.obj
 0001:00013023       ??_ECOleException@@UAEPAXI@Z 00414023 f i nafxcw:olemisc.obj
 0001:00013023       ??_GCOleException@@UAEPAXI@Z 00414023 f i nafxcw:olemisc.obj
 0001:0001303f       ??1COleException@@UAE@XZ   0041403f f i nafxcw:olemisc.obj
 0001:00013046       ??_ECHandleMap@@UAEPAXI@Z  00414046 f i nafxcw:winhand.obj
 0001:00013046       ??_GCHandleMap@@UAEPAXI@Z  00414046 f i nafxcw:winhand.obj
 0001:00013062       ??1CHandleMap@@UAE@XZ      00414062 f i nafxcw:winhand.obj
 0001:000130aa       ?_JumpToContinuation@@YGXPAXPAUEHRegistrationNode@@@Z 004140aa f   libcmt:trnsctrl.obj
 0001:000130de       ?_CallMemberFunction0@@YGXPAX0@Z 004140de f   libcmt:trnsctrl.obj
 0001:000130de       ?_CallMemberFunction1@@YGXPAX00@Z 004140de f   libcmt:trnsctrl.obj
 0001:000130e5       ?_CallMemberFunction2@@YGXPAX00H@Z 004140e5 f   libcmt:trnsctrl.obj
 0001:000130ec       ?_UnwindNestedFrames@@YGXPAUEHRegistrationNode@@PAUEHExceptionRecord@@@Z 004140ec f   libcmt:trnsctrl.obj
 0001:0001313b       ___CxxFrameHandler         0041413b f   libcmt:trnsctrl.obj
 0001:00013171       ?_CallCatchBlock2@@YAPAXPAUEHRegistrationNode@@PBU_s_FuncInfo@@PAXHK@Z 00414171 f   libcmt:trnsctrl.obj
 0001:000131ea       ?_CallSETranslator@@YAHPAUEHExceptionRecord@@PAUEHRegistrationNode@@PAX2PBU_s_FuncInfo@@H1@Z 004141ea f   libcmt:trnsctrl.obj
 0001:00013315       ?_GetRangeOfTrysToCheck@@YAPBU_s_TryBlockMapEntry@@PBU_s_FuncInfo@@HHPAI1@Z 00414315 f   libcmt:trnsctrl.obj
 0001:00013390       __global_unwind2           00414390 f   libcmt:exsup.obj
 0001:000133d2       __local_unwind2            004143d2 f   libcmt:exsup.obj
 0001:0001342a       __NLG_Return2              0041442a f   libcmt:exsup.obj
 0001:0001343a       __abnormal_termination     0041443a f   libcmt:exsup.obj
 0001:0001345d       __NLG_Notify1              0041445d f   libcmt:exsup.obj
 0001:00013466       __NLG_Notify               00414466 f   libcmt:exsup.obj
 0001:00013479       __NLG_Dispatch             00414479 f   libcmt:exsup.obj
 0001:0001347e       _atol                      0041447e f   libcmt:atox.obj
 0001:00013509       _atoi                      00414509 f   libcmt:atox.obj
 0001:00013514       _sscanf                    00414514 f   libcmt:sscanf.obj
 0001:00013550       _memmove                   00414550 f   libcmt:memmove.obj
 0001:00013885       ??_L@YGXPAXIHP6EX0@Z1@Z    00414885 f   libcmt:ehvecctr.obj
 0001:00013907       __fpmath                   00414907 f   libcmt:fpinit.obj
 0001:0001391e       __fpclear                  0041491e f   libcmt:fpinit.obj
 0001:0001391f       __cfltcvt_init             0041491f f   libcmt:fpinit.obj
 0001:00013957       ??_M@YGXPAXIHP6EX0@Z@Z     00414957 f   libcmt:ehvecdtr.obj
 0001:000139d7       ?__ArrayUnwind@@YGXPAXIHP6EX0@Z@Z 004149d7 f   libcmt:ehvecdtr.obj
 0001:00013a35       _sprintf                   00414a35 f   libcmt:sprintf.obj
 0001:00013a87       _ceil                      00414a87 f   libcmt:ceil.obj
 0001:00013b60       __CIpow                    00414b60 f   libcmt:pow.obj
 0001:00013b79       _pow                       00414b79 f   libcmt:pow.obj
 0001:00013d80       __ftol                     00414d80 f   libcmt:ftol.obj
 0001:00013da7       __onexit                   00414da7 f   libcmt:onexit.obj
 0001:00013e25       _atexit                    00414e25 f   libcmt:onexit.obj
 0001:00013e37       ___onexitinit              00414e37 f   libcmt:onexit.obj
 0001:00013e66       __getdiskfree              00414e66 f   libcmt:drivfree.obj
 0001:00013eb9       __getdrive                 00414eb9 f   libcmt:drive.obj
 0001:00013efc       _fseek                     00414efc f   libcmt:fseek.obj
 0001:00013f28       __fseek_lk                 00414f28 f   libcmt:fseek.obj
 0001:00013fd0       _strchr                    00414fd0 f   libcmt:strchr.obj
 0001:00013fd6       ___from_strstr_to_strchr   00414fd6 f   libcmt:strchr.obj
 0001:0001408c       _fread                     0041508c f   libcmt:fread.obj
 0001:000140bb       __fread_lk                 004150bb f   libcmt:fread.obj
 0001:000141a3       _ftell                     004151a3 f   libcmt:ftell.obj
 0001:000141c5       __ftell_lk                 004151c5 f   libcmt:ftell.obj
 0001:00014326       _atof                      00415326 f   libcmt:atof.obj
 0001:0001437d       __fsopen                   0041537d f   libcmt:fopen.obj
 0001:000143ae       _fopen                     004153ae f   libcmt:fopen.obj
 0001:000143c1       _fclose                    004153c1 f   libcmt:fclose.obj
 0001:000143f2       __fclose_lk                004153f2 f   libcmt:fclose.obj
 0001:0001443e       _strerror                  0041543e f   libcmt:strerror.obj
 0001:0001448e       __dosmaperr                0041548e f   libcmt:dosmap.obj
 0001:00014501       __errno                    00415501 f   libcmt:dosmap.obj
 0001:0001450a       ___doserrno                0041550a f   libcmt:dosmap.obj
 0001:00014513       _fgets                     00415513 f   libcmt:fgets.obj
 0001:00014575       _fwrite                    00415575 f   libcmt:fwrite.obj
 0001:000145a4       __fwrite_lk                004155a4 f   libcmt:fwrite.obj
 0001:000146b0       _strrchr                   004156b0 f   libcmt:strrchr.obj
 0001:000146d7       _WinMainCRTStartup         004156d7 f   libcmt:wincrt0.obj
 0001:000147df       __amsg_exit                004157df f   libcmt:wincrt0.obj
 0001:00014828       ??1type_info@@UAE@XZ       00415828 f   libcmt:typinfo.obj
 0001:00014851       ??_Gtype_info@@UAEPAXI@Z   00415851 f i libcmt:typinfo.obj
 0001:00014851       ??_Etype_info@@UAEPAXI@Z   00415851 f i libcmt:typinfo.obj
 0001:00014870       __EH_prolog                00415870 f   libcmt:ehprolog.obj
 0001:0001488f       _malloc                    0041588f f   libcmt:malloc.obj
 0001:000148a1       __nh_malloc                004158a1 f   libcmt:malloc.obj
 0001:000148cd       __heap_alloc               004158cd f   libcmt:malloc.obj
 0001:0001491b       _free                      0041591b f   libcmt:free.obj
 0001:00014963       __CxxThrowException@8      00415963 f   libcmt:throw.obj
 0001:0001499d       __alloc_osfhnd             0041599d f   libcmt:osfinfo.obj
 0001:00014ac0       __set_osfhnd               00415ac0 f   libcmt:osfinfo.obj
 0001:00014b3c       __free_osfhnd              00415b3c f   libcmt:osfinfo.obj
 0001:00014bbb       __get_osfhandle            00415bbb f   libcmt:osfinfo.obj
 0001:00014bfd       __open_osfhandle           00415bfd f   libcmt:osfinfo.obj
 0001:00014ca4       __lock_fhandle             00415ca4 f   libcmt:osfinfo.obj
 0001:00014d03       __unlock_fhandle           00415d03 f   libcmt:osfinfo.obj
 0001:00014d25       __fdopen                   00415d25 f   libcmt:fdopen.obj
 0001:00014e18       _clearerr                  00415e18 f   libcmt:clearerr.obj
 0001:00014e59       _fputs                     00415e59 f   libcmt:fputs.obj
 0001:00014ea7       _fflush                    00415ea7 f   libcmt:fflush.obj
 0001:00014ed6       __fflush_lk                00415ed6 f   libcmt:fflush.obj
 0001:00014f04       __flush                    00415f04 f   libcmt:fflush.obj
 0001:00014f60       __flushall                 00415f60 f   libcmt:fflush.obj
 0001:00015010       _memset                    00416010 f   libcmt:memset.obj
 0001:00015070       _memcpy                    00416070 f   libcmt:memcpy.obj
 0001:000153a5       __mbsinc                   004163a5 f   libcmt:mbsinc.obj
 0001:000153bc       __mbsrchr                  004163bc f   libcmt:mbsrchr.obj
 0001:0001542e       _vsprintf                  0041642e f   libcmt:vsprintf.obj
 0001:0001547f       __mbclen                   0041647f f   libcmt:mbclen.obj
 0001:00015495       _wcslen                    00416495 f   libcmt:wcslen.obj
 0001:000154b2       __mbsnbcmp                 004164b2 f   libcmt:mbsnbcmp.obj
 0001:000155a1       __ismbcdigit               004165a1 f   libcmt:ismbdgt.obj
 0001:00015630       __mbschr                   00416630 f   libcmt:mbschr.obj
 0001:000156c7       __ismbcspace               004166c7 f   libcmt:ismbspc.obj
 0001:00015760       __chkstk                   00416760 f   libcmt:chkstk.obj
 0001:00015760       __alloca_probe             00416760 f   libcmt:chkstk.obj
 0001:00015790       _memcmp                    00416790 f   libcmt:memcmp.obj
 0001:0001583c       _floor                     0041683c f   libcmt:floor.obj
 0001:0001590b       _fabs                      0041690b f   libcmt:fabs.obj
 0001:000159c0       _time                      004169c0 f   libcmt:time.obj
 0001:00015a9c       _localtime                 00416a9c f   libcmt:localtim.obj
 0001:00015bfc       _strftime                  00416bfc f   libcmt:strftime.obj
 0001:00015c17       __Strftime                 00416c17 f   libcmt:strftime.obj
 0001:000164ae       __strdup                   004174ae f   libcmt:strdup.obj
 0001:000164d9       __cinit                    004174d9 f   libcmt:crt0dat.obj
 0001:00016506       _exit                      00417506 f   libcmt:crt0dat.obj
 0001:00016517       __exit                     00417517 f   libcmt:crt0dat.obj
 0001:000165cd       __lockexit                 004175cd f   libcmt:crt0dat.obj
 0001:000165d6       __unlockexit               004175d6 f   libcmt:crt0dat.obj
 0001:000165f9       __beginthreadex            004175f9 f   libcmt:threadex.obj
 0001:00016700       __endthreadex              00417700 f   libcmt:threadex.obj
 0001:00016732       __mbscmp                   00417732 f   libcmt:mbscmp.obj
 0001:000167e1       _strtol                    004177e1 f   libcmt:strtol.obj
 0001:000169fd       _strtoul                   004179fd f   libcmt:strtol.obj
 0001:00016a14       __setmbcp                  00417a14 f   libcmt:mbctype.obj
 0001:00016dec       ___initmbctable            00417dec f   libcmt:mbctype.obj
 0001:00016e08       __expand                   00417e08 f   libcmt:expand.obj
 0001:00016e7f       __msize                    00417e7f f   libcmt:msize.obj
 0001:00016ec4       _mktime                    00417ec4 f   libcmt:mktime.obj
 0001:000170b6       _gmtime                    004180b6 f   libcmt:gmtime.obj
 0001:000171c0       ___InternalCxxFrameHandler 004181c0 f   libcmt:frame.obj
 0001:00017515       ___FrameUnwindToState      00418515 f   libcmt:frame.obj
 0001:0001794d       ?_DestructExceptionObject@@YAXPAUEHExceptionRecord@@E@Z 0041894d f   libcmt:frame.obj
 0001:000179e0       __CallSettingFrame@12      004189e0 f   libcmt:lowhelpr.obj
 0001:00017a07       __NLG_Return               00418a07 f   libcmt:lowhelpr.obj
 0001:00017a2c       __mtinit                   00418a2c f   libcmt:tidtable.obj
 0001:00017a80       __initptd                  00418a80 f   libcmt:tidtable.obj
 0001:00017a93       __getptd                   00418a93 f   libcmt:tidtable.obj
 0001:00017afa       __freeptd                  00418afa f   libcmt:tidtable.obj
 0001:00017b9a       ?terminate@@YAXXZ          00418b9a f   libcmt:hooks.obj
 0001:00017bfb       ?_inconsistency@@YAXXZ     00418bfb f   libcmt:hooks.obj
 0001:00017c51       __isctype                  00418c51 f   libcmt:isctype.obj
 0001:00017cd0       __allmul                   00418cd0 f   libcmt:llmul.obj
 0001:00017d04       __input                    00418d04 f   libcmt:input.obj
 0001:000187c0       _strlen                    004197c0 f   libcmt:strlen.obj
 0001:00018844       __except_handler3          00419844 f   libcmt:exsup3.obj
 0001:00018901       __seh_longjmp_unwind@4     00419901 f   libcmt:exsup3.obj
 0001:0001891c       __setdefaultprecision      0041991c f   libcmt:fp8.obj
 0001:0001892e       __ms_p5_test_fdiv          0041992e f   libcmt:testfdiv.obj
 0001:0001896c       __ms_p5_mp_test_fdiv       0041996c f   libcmt:testfdiv.obj
 0001:00018995       __forcdecpt                00419995 f   libcmt:cvt.obj
 0001:000189ef       __cropzeros                004199ef f   libcmt:cvt.obj
 0001:00018a3d       __positive                 00419a3d f   libcmt:cvt.obj
 0001:00018a55       __fassign                  00419a55 f   libcmt:cvt.obj
 0001:00018a93       __cftoe                    00419a93 f   libcmt:cvt.obj
 0001:00018bb6       __cftof                    00419bb6 f   libcmt:cvt.obj
 0001:00018cb2       __cftog                    00419cb2 f   libcmt:cvt.obj
 0001:00018d45       __cfltcvt                  00419d45 f   libcmt:cvt.obj
 0001:00018dbb       __flsbuf                   00419dbb f   libcmt:_flsbuf.obj
 0001:00018ed3       __output                   00419ed3 f   libcmt:output.obj
 0001:000196dd       __handle_qnan1             0041a6dd f   libcmt:fpexcept.obj
 0001:00019731       __except1                  0041a731 f   libcmt:fpexcept.obj
 0001:000197c9       __raise_exc                0041a7c9 f   libcmt:fpexcept.obj
 0001:00019a7c       __handle_exc               0041aa7c f   libcmt:fpexcept.obj
 0001:00019c93       __umatherr                 0041ac93 f   libcmt:fpexcept.obj
 0001:00019d1b       __set_errno                0041ad1b f   libcmt:fpexcept.obj
 0001:00019d68       __errcode                  0041ad68 f   libcmt:fpexcept.obj
 0001:00019d95       __frnd                     0041ad95 f   libcmt:frnd.obj
 0001:00019da7       __set_exp                  0041ada7 f   libcmt:util.obj
 0001:00019dd0       __sptype                   0041add0 f   libcmt:util.obj
 0001:00019e2a       __decomp                   0041ae2a f   libcmt:util.obj
 0001:00019eeb       __statfp                   0041aeeb f   libcmt:fpctrl.obj
 0001:00019ef9       __clrfp                    0041aef9 f   libcmt:fpctrl.obj
 0001:00019f08       __ctrlfp                   0041af08 f   libcmt:fpctrl.obj
 0001:00019f2b       __set_statfp               0041af2b f   libcmt:fpctrl.obj
 0001:00019fa1       __fFEXP                    0041afa1 f   libcmt:87tran.obj
 0001:0001a008       __rtinfpopse               0041b008 f   libcmt:87tran.obj
 0001:0001a00a       __rtinfnpopse              0041b00a f   libcmt:87tran.obj
 0001:0001a01a       __fFLN                     0041b01a f   libcmt:87tran.obj
 0001:0001a0cf       __rtinfpop                 0041b0cf f   libcmt:87tran.obj
 0001:0001a0d1       __rtinfnpop                0041b0d1 f   libcmt:87tran.obj
 0001:0001a0ee       __ffexpm1                  0041b0ee f   libcmt:87tran.obj
 0001:0001a1a0       __trandisp1                0041b1a0 f   libcmt:87disp.obj
 0001:0001a207       __trandisp2                0041b207 f   libcmt:87disp.obj
 0001:0001a293       __rttospopde               0041b293 f   libcmt:87disp.obj
 0001:0001a298       __rttospop                 0041b298 f   libcmt:87disp.obj
 0001:0001a29a       __rtnospop                 0041b29a f   libcmt:87disp.obj
 0001:0001a29c       __rttosnpop                0041b29c f   libcmt:87disp.obj
 0001:0001a29d       __rtnospopde               0041b29d f   libcmt:87disp.obj
 0001:0001a2a4       __rtzeropop                0041b2a4 f   libcmt:87disp.obj
 0001:0001a2a6       __rtzeronpop               0041b2a6 f   libcmt:87disp.obj
 0001:0001a2ab       __rtonepop                 0041b2ab f   libcmt:87disp.obj
 0001:0001a2ad       __rtonenpop                0041b2ad f   libcmt:87disp.obj
 0001:0001a2b2       __tosnan1                  0041b2b2 f   libcmt:87disp.obj
 0001:0001a2dd       __nosnan2                  0041b2dd f   libcmt:87disp.obj
 0001:0001a2df       __tosnan2                  0041b2df f   libcmt:87disp.obj
 0001:0001a307       __nan2                     0041b307 f   libcmt:87disp.obj
 0001:0001a346       __rtindfpop                0041b346 f   libcmt:87disp.obj
 0001:0001a348       __rtindfnpop               0041b348 f   libcmt:87disp.obj
 0001:0001a359       __rttosnpopde              0041b359 f   libcmt:87disp.obj
 0001:0001a363       __rtchsifneg               0041b363 f   libcmt:87disp.obj
 0001:0001a370       __startTwoArgErrorHandling 0041b370 f   libcmt:genexcep.obj
 0001:0001a387       __startOneArgErrorHandling 0041b387 f   libcmt:genexcep.obj
 0001:0001a3d0       __twoToTOS                 0041b3d0 f   libcmt:common.obj
 0001:0001a3e5       __load_CW                  0041b3e5 f   libcmt:common.obj
 0001:0001a3fc       __convertTOStoQNaN         0041b3fc f   libcmt:common.obj
 0001:0001a415       __fload_withFB             0041b415 f   libcmt:common.obj
 0001:0001a458       __checkTOS_withFB          0041b458 f   libcmt:common.obj
 0001:0001a46e       __fast_exit                0041b46e f   libcmt:common.obj
 0001:0001a47b       __math_exit                0041b47b f   libcmt:common.obj
 0001:0001a4a5       __check_overflow_exit      0041b4a5 f   libcmt:common.obj
 0001:0001a4b9       __check_range_exit         0041b4b9 f   libcmt:common.obj
 0001:0001a55c       __powhlp                   0041b55c f   libcmt:powhlp.obj
 0001:0001a68c       __d_inttype                0041b68c f   libcmt:powhlp.obj
 0001:0001a6f1       _realloc                   0041b6f1 f   libcmt:realloc.obj
 0001:0001a829       _toupper                   0041b829 f   libcmt:toupper.obj
 0001:0001a898       __toupper_lk               0041b898 f   libcmt:toupper.obj
 0001:0001a964       __mtinitlocks              0041b964 f   libcmt:mlock.obj
 0001:0001a98d       __lock                     0041b98d f   libcmt:mlock.obj
 0001:0001a9ee       __unlock                   0041b9ee f   libcmt:mlock.obj
 0001:0001aa03       ___initstdio               0041ba03 f   libcmt:_file.obj
 0001:0001aaab       ___endstdio                0041baab f   libcmt:_file.obj
 0001:0001aabf       __lock_file                0041babf f   libcmt:_file.obj
 0001:0001aaee       __lock_file2               0041baee f   libcmt:_file.obj
 0001:0001ab11       __unlock_file              0041bb11 f   libcmt:_file.obj
 0001:0001ab40       __unlock_file2             0041bb40 f   libcmt:_file.obj
 0001:0001ab63       __lseek                    0041bb63 f   libcmt:lseek.obj
 0001:0001abc8       __lseek_lk                 0041bbc8 f   libcmt:lseek.obj
 0001:0001ac3b       __filbuf                   0041bc3b f   libcmt:_filbuf.obj
 0001:0001ad17       __read                     0041bd17 f   libcmt:read.obj
 0001:0001ad7c       __read_lk                  0041bd7c f   libcmt:read.obj
 0001:0001af55       __ioinit                   0041bf55 f   libcmt:ioinit.obj
 0001:0001b111       __fltin2                   0041c111 f   libcmt:cfin.obj
 0001:0001b190       __openfile                 0041c190 f   libcmt:_open.obj
 0001:0001b300       __getstream                0041c300 f   libcmt:stream.obj
 0001:0001b3c8       __close                    0041c3c8 f   libcmt:close.obj
 0001:0001b425       __close_lk                 0041c425 f   libcmt:close.obj
 0001:0001b4a8       __freebuf                  0041c4a8 f   libcmt:_freebuf.obj
 0001:0001b4e0       _strcpy                    0041c4e0 f   libcmt:strcat.obj
 0001:0001b4f0       _strcat                    0041c4f0 f   libcmt:strcat.obj
 0001:0001b5d0       __write                    0041c5d0 f   libcmt:write.obj
 0001:0001b635       __write_lk                 0041c635 f   libcmt:write.obj
 0001:0001b7c0       __XcptFilter               0041c7c0 f   libcmt:winxfltr.obj
 0001:0001b938       __wincmdln                 0041c938 f   libcmt:wincmdln.obj
 0001:0001b990       __setenvp                  0041c990 f   libcmt:stdenvp.obj
 0001:0001ba49       __setargv                  0041ca49 f   libcmt:stdargv.obj
 0001:0001bc96       ___crtGetEnvironmentStringsA 0041cc96 f   libcmt:a_env.obj
 0001:0001bdc8       __heap_init                0041cdc8 f   libcmt:heapinit.obj
 0001:0001be04       __FF_MSGBANNER             0041ce04 f   libcmt:crt0msg.obj
 0001:0001be3d       __NMSG_WRITE               0041ce3d f   libcmt:crt0msg.obj
 0001:0001bf90       _strcmp                    0041cf90 f   libcmt:strcmp.obj
 0001:0001c014       __callnewh                 0041d014 f   libcmt:handler.obj
 0001:0001c02f       ___sbh_heap_init           0041d02f f   libcmt:sbheap.obj
 0001:0001c06d       ___sbh_find_block          0041d06d f   libcmt:sbheap.obj
 0001:0001c098       ___sbh_free_block          0041d098 f   libcmt:sbheap.obj
 0001:0001c3c3       ___sbh_alloc_block         0041d3c3 f   libcmt:sbheap.obj
 0001:0001c6cc       ___sbh_alloc_new_region    0041d6cc f   libcmt:sbheap.obj
 0001:0001c77d       ___sbh_alloc_new_group     0041d77d f   libcmt:sbheap.obj
 0001:0001c878       ___sbh_resize_block        0041d878 f   libcmt:sbheap.obj
 0001:0001cb6e       ?__CxxUnhandledExceptionFilter@@YGJPAU_EXCEPTION_POINTERS@@@Z 0041db6e f   libcmt:unhandld.obj
 0001:0001cbb4       ?__CxxSetUnhandledExceptionFilter@@YAXXZ 0041dbb4 f   libcmt:unhandld.obj
 0001:0001cbc5       ?__CxxRestoreUnhandledExceptionFilter@@YAXXZ 0041dbc5 f   libcmt:unhandld.obj
 0001:0001cbd2       __stbuf                    0041dbd2 f   libcmt:_sftbuf.obj
 0001:0001cc5f       __ftbuf                    0041dc5f f   libcmt:_sftbuf.obj
 0001:0001cc89       __commit                   0041dc89 f   libcmt:commit.obj
 0001:0001cd20       _strstr                    0041dd20 f   libcmt:strstr.obj
 0001:0001cda0       _strspn                    0041dda0 f   libcmt:strspn.obj
 0001:0001cde0       _strcspn                   0041dde0 f   libcmt:strcspn.obj
 0001:0001ce20       _strncmp                   0041de20 f   libcmt:strncmp.obj
 0001:0001ce58       ___crtGetStringTypeA       0041de58 f   libcmt:a_str.obj
 0001:0001cfb0       _strpbrk                   0041dfb0 f   libcmt:strpbrk.obj
 0001:0001cfea       ___crtLCMapStringA         0041dfea f   libcmt:a_map.obj
 0001:0001d210       __strrev                   0041e210 f   libcmt:strrev.obj
 0001:0001d240       ___loctotime_t             0041e240 f   libcmt:dtoxtime.obj
 0001:0001d302       ___tzset                   0041e302 f   libcmt:tzset.obj
 0001:0001d5b7       __isindst                  0041e5b7 f   libcmt:tzset.obj
 0001:0001d8d0       __strcmpi                  0041e8d0 f   libcmt:stricmp.obj
 0001:0001d8d0       __stricmp                  0041e8d0 f   libcmt:stricmp.obj
 0001:0001d9a0       __fpclass                  0041e9a0 f   libcmt:ieeemisc.obj
 0001:0001da40       __aulldiv                  0041ea40 f   libcmt:ulldiv.obj
 0001:0001dab0       __aullrem                  0041eab0 f   libcmt:ullrem.obj
 0001:0001db25       _calloc                    0041eb25 f   libcmt:calloc.obj
 0001:0001dbb2       ?_ValidateRead@@YAHPBXI@Z  0041ebb2 f   libcmt:validate.obj
 0001:0001dbce       ?_ValidateWrite@@YAHPAXI@Z 0041ebce f   libcmt:validate.obj
 0001:0001dbea       ?_ValidateExecute@@YAHP6GHXZ@Z 0041ebea f   libcmt:validate.obj
 0001:0001dc02       _abort                     0041ec02 f   libcmt:abort.obj
 0001:0001dc19       _mbtowc                    0041ec19 f   libcmt:mbtowc.obj
 0001:0001dc76       __mbtowc_lk                0041ec76 f   libcmt:mbtowc.obj
 0001:0001dd3f       _isspace                   0041ed3f f   libcmt:_ctype.obj
 0001:0001dd70       __allshl                   0041ed70 f   libcmt:llshl.obj
 0001:0001dd8f       __ungetc_lk                0041ed8f f   libcmt:ungetc.obj
 0001:0001ddfd       __control87                0041edfd f   libcmt:ieee87.obj
 0001:0001de32       __controlfp                0041ee32 f   libcmt:ieee87.obj
 0001:0001df63       _tolower                   0041ef63 f   libcmt:tolower.obj
 0001:0001dfd2       __tolower_lk               0041efd2 f   libcmt:tolower.obj
 0001:0001e09d       __ZeroTail                 0041f09d f   libcmt:intrncvt.obj
 0001:0001e0e6       __IncMan                   0041f0e6 f   libcmt:intrncvt.obj
 0001:0001e13c       __RoundMan                 0041f13c f   libcmt:intrncvt.obj
 0001:0001e1c8       __CopyMan                  0041f1c8 f   libcmt:intrncvt.obj
 0001:0001e1e3       __FillZeroMan              0041f1e3 f   libcmt:intrncvt.obj
 0001:0001e1ef       __IsZeroMan                0041f1ef f   libcmt:intrncvt.obj
 0001:0001e20a       __ShrMan                   0041f20a f   libcmt:intrncvt.obj
 0001:0001e297       __ld12cvt                  0041f297 f   libcmt:intrncvt.obj
 0001:0001e403       __ld12tod                  0041f403 f   libcmt:intrncvt.obj
 0001:0001e419       __ld12tof                  0041f419 f   libcmt:intrncvt.obj
 0001:0001e42f       __atodbl                   0041f42f f   libcmt:intrncvt.obj
 0001:0001e45c       __atoflt                   0041f45c f   libcmt:intrncvt.obj
 0001:0001e489       __fptostr                  0041f489 f   libcmt:_fptostr.obj
 0001:0001e500       __fltout2                  0041f500 f   libcmt:cfout.obj
 0001:0001e55c       ___dtold                   0041f55c f   libcmt:cfout.obj
 0001:0001e612       __fptrap                   0041f612 f   libcmt:crt0fp.obj
 0001:0001e61b       __getbuf                   0041f61b f   libcmt:_getbuf.obj
 0001:0001e65f       __isatty                   0041f65f f   libcmt:isatty.obj
 0001:0001e688       _wctomb                    0041f688 f   libcmt:wctomb.obj
 0001:0001e6e1       __wctomb_lk                0041f6e1 f   libcmt:wctomb.obj
 0001:0001e74a       __matherr                  0041f74a f   libcmt:matherr.obj
 0001:0001e750       _fdiv_main_routine         0041f750 f   libcmt:adj_fdiv.obj
 0001:0001e867       __adj_fdiv_r               0041f867 f   libcmt:adj_fdiv.obj
 0001:0001ed06       __fdivp_sti_st             0041fd06 f   libcmt:adj_fdiv.obj
 0001:0001ed19       __fdivrp_sti_st            0041fd19 f   libcmt:adj_fdiv.obj
 0001:0001ed2c       __adj_fdiv_m32             0041fd2c f   libcmt:adj_fdiv.obj
 0001:0001ed78       __adj_fdiv_m64             0041fd78 f   libcmt:adj_fdiv.obj
 0001:0001edc4       __adj_fdiv_m16i            0041fdc4 f   libcmt:adj_fdiv.obj
 0001:0001edf8       __adj_fdiv_m32i            0041fdf8 f   libcmt:adj_fdiv.obj
 0001:0001ee2c       __adj_fdivr_m32            0041fe2c f   libcmt:adj_fdiv.obj
 0001:0001ee78       __adj_fdivr_m64            0041fe78 f   libcmt:adj_fdiv.obj
 0001:0001eec4       __adj_fdivr_m16i           0041fec4 f   libcmt:adj_fdiv.obj
 0001:0001eef8       __adj_fdivr_m32i           0041fef8 f   libcmt:adj_fdiv.obj
 0001:0001ef2c       __safe_fdiv                0041ff2c f   libcmt:adj_fdiv.obj
 0001:0001ef41       __safe_fdivr               0041ff41 f   libcmt:adj_fdiv.obj
 0001:0001ef56       __fprem_common             0041ff56 f   libcmt:adj_fdiv.obj
 0001:0001f15c       __adj_fprem                0042015c f   libcmt:adj_fdiv.obj
 0001:0001f20e       __fprem1_common            0042020e f   libcmt:adj_fdiv.obj
 0001:0001f414       __adj_fprem1               00420414 f   libcmt:adj_fdiv.obj
 0001:0001f4c9       __safe_fprem               004204c9 f   libcmt:adj_fdiv.obj
 0001:0001f4cf       __safe_fprem1              004204cf f   libcmt:adj_fdiv.obj
 0001:0001f4d5       __adj_fpatan               004204d5 f   libcmt:adj_fdiv.obj
 0001:0001f4d8       __adj_fptan                004204d8 f   libcmt:adj_fdiv.obj
 0001:0001f4db       __87except                 004204db f   libcmt:87except.obj
 0001:0001f5ab       __fcloseall                004205ab f   libcmt:closeall.obj
 0001:0001f62c       ___strgtold12              0042062c f   libcmt:strgtold.obj
 0001:0001fafd       __sopen                    00420afd f   libcmt:open.obj
 0001:0001fdcc       __ismbblead                00420dcc f   libcmt:ismbbyte.obj
 0001:0001fe0e       ___crtMessageBoxA          00420e0e f   libcmt:crtmbox.obj
 0001:0001fea0       _strncpy                   00420ea0 f   libcmt:strncpy.obj
 0001:0001ff9e       __getenv_lk                00420f9e f   libcmt:getenv.obj
 0001:0002001b       _raise                     0042101b f   libcmt:winsig.obj
 0001:000201da       ___addl                    004211da f   libcmt:mantold.obj
 0001:000201fb       ___add_12                  004211fb f   libcmt:mantold.obj
 0001:00020259       ___shl_12                  00421259 f   libcmt:mantold.obj
 0001:00020287       ___shr_12                  00421287 f   libcmt:mantold.obj
 0001:000202b4       ___mtold12                 004212b4 f   libcmt:mantold.obj
 0001:0002037b       _$I10_OUTPUT               0042137b f   libcmt:x10fout.obj
 0001:0002060e       ___ld12mul                 0042160e f   libcmt:tenpow.obj
 0001:0002082e       ___multtenpow12            0042182e f   libcmt:tenpow.obj
 0001:000208aa       __chsize_lk                004218aa f   libcmt:chsize.obj
 0001:000209cf       __mbsnbicoll               004219cf f   libcmt:mbsnbico.obj
 0001:00020a0e       ___wtomb_environ           00421a0e f   libcmt:wtombenv.obj
 0001:00020a80       _strnicmp                  00421a80 f   libcmt:strnicmp.obj
 0001:00020a80       __strnicmp                 00421a80 f   libcmt:strnicmp.obj
 0001:00020b81       __setmode_lk               00421b81 f   libcmt:setmode.obj
 0001:00020be2       ___crtCompareStringA       00421be2 f   libcmt:a_cmp.obj
 0001:00020e8a       ___crtsetenv               00421e8a f   libcmt:setenv.obj
 0001:000210d0       _RtlUnwind@16              004220d0 f   kernel32:KERNEL32.dll
 0001:000210d6       _GetFileTitleA@12          004220d6 f   comdlg32:comdlg32.dll
 0001:000210dc       _ClosePrinter@4            004220dc f   winspool:WINSPOOL.DRV
 0001:000210e2       _DocumentPropertiesA@24    004220e2 f   winspool:WINSPOOL.DRV
 0001:000210e8       _OpenPrinterA@12           004220e8 f   winspool:WINSPOOL.DRV
 0001:00021250       _CallWndProcFilterProc@12  00422250 f   ctl3d32s:CTL3D.OBJ
 0001:000216c0       _Ctl3dRegister@4           004226c0 f   ctl3d32s:CTL3D.OBJ
 0001:00021730       _Ctl3dUnregister@4         00422730 f   ctl3d32s:CTL3D.OBJ
 0001:000217f0       _Ctl3dAutoSubclass@4       004227f0 f   ctl3d32s:CTL3D.OBJ
 0001:00021800       _Ctl3dAutoSubclassEx@8     00422800 f   ctl3d32s:CTL3D.OBJ
 0001:00021940       _Ctl3dIsAutoSubclass@0     00422940 f   ctl3d32s:CTL3D.OBJ
 0001:00021970       _Ctl3dUnAutoSubclass@0     00422970 f   ctl3d32s:CTL3D.OBJ
 0001:00021a10       _Ctl3dSubclassCtl@4        00422a10 f   ctl3d32s:CTL3D.OBJ
 0001:00021a40       _Ctl3dUnsubclassCtl@4      00422a40 f   ctl3d32s:CTL3D.OBJ
 0001:00021b50       _Ctl3dSubclassCtlEx@8      00422b50 f   ctl3d32s:CTL3D.OBJ
 0001:00021c90       _Ctl3dCheckSubclassDlg@8   00422c90 f   ctl3d32s:CTL3D.OBJ
 0001:00021d10       _Ctl3dSubclassDlgEx@8      00422d10 f   ctl3d32s:CTL3D.OBJ
 0001:00021d80       _Ctl3dCtlColorEx@12        00422d80 f   ctl3d32s:CTL3D.OBJ
 0001:00021e10       _Ctl3dColorChange@0        00422e10 f   ctl3d32s:CTL3D.OBJ
 0001:000220f0       _Ctl3dWinIniChange@0       004230f0 f   ctl3d32s:CTL3D.OBJ
 0001:000225f0       _Ctl3dDlgProc@16           004235f0 f   ctl3d32s:CTL3D.OBJ
 0001:00022960       _Ctl3dHook@12              00423960 f   ctl3d32s:CTL3D.OBJ
 0001:000237a0       _BtnWndProc3d@16           004247a0 f   ctl3d32s:CTL3D.OBJ
 0001:00023a80       _ListEditPaint3d           00424a80 f   ctl3d32s:CTL3D.OBJ
 0001:00023dc0       _ShareEditComboWndProc3d   00424dc0 f   ctl3d32s:CTL3D.OBJ
 0001:00023f10       _EditWndProc3d@16          00424f10 f   ctl3d32s:CTL3D.OBJ
 0001:00023f40       _SharedListWndProc         00424f40 f   ctl3d32s:CTL3D.OBJ
 0001:00024170       _ListWndProc3d@16          00425170 f   ctl3d32s:CTL3D.OBJ
 0001:000241a0       _ComboWndProc3d@16         004251a0 f   ctl3d32s:CTL3D.OBJ
 0001:000241f0       _StaticPrint               004251f0 f   ctl3d32s:CTL3D.OBJ
 0001:000242d0       _StaticPaint               004252d0 f   ctl3d32s:CTL3D.OBJ
 0001:00024470       _StaticWndProc3d@16        00425470 f   ctl3d32s:CTL3D.OBJ
 0001:000245c0       _LibMain                   004255c0 f   ctl3d32s:CTL3D.OBJ
 0001:00024690       _LoadUIBitmap@32           00425690 f   ctl3d32s:CTL3D.OBJ
 0001:00024827       _WinMain@16                00425827 f   nafxcw:appmodul.obj
 0001:0002483f       ?AfxInitialize@@YGHHK@Z    0042583f f   nafxcw:appmodul.obj
 0001:0002485d       ?_AfxTermAppState@@YAXXZ   0042585d f   nafxcw:appmodul.obj
 0001:00024892       ?InitString@CSimpleException@@QAEXXZ 00425892 f   nafxcw:except.obj
 0001:000248bb       ?GetErrorMessage@CSimpleException@@UAEHPADIPAI@Z 004258bb f   nafxcw:except.obj
 0001:000248fe       ?AfxThrowMemoryException@@YGXXZ 004258fe f   nafxcw:except.obj
 0001:00024917       ?AfxThrowNotSupportedException@@YGXXZ 00425917 f   nafxcw:except.obj
 0001:00024930       ?FormatV@CString@@QAEXPBDPAD@Z 00425930 f   nafxcw:strex.obj
 0001:00024c38       ?Format@CString@@QAAXPBDZZ 00425c38 f   nafxcw:strex.obj
 0001:00024c4b       ?TrimRight@CString@@QAEXXZ 00425c4b f   nafxcw:strex.obj
 0001:00024c97       ??0CTime@@QAE@HHHHHHH@Z    00425c97 f   nafxcw:timecore.obj
 0001:00024ce3       ??0CTime@@QAE@ABU_SYSTEMTIME@@H@Z 00425ce3 f   nafxcw:timecore.obj
 0001:00024d2f       ??0CTime@@QAE@ABU_FILETIME@@H@Z 00425d2f f   nafxcw:timecore.obj
 0001:00024d7b       ??1CProgressCtrl@@UAE@XZ   00425d7b f   nafxcw:winctrl2.obj
 0001:00024db3       ??0CWordArray@@QAE@XZ      00425db3 f   nafxcw:array_w.obj
 0001:00024dca       ??_ECWordArray@@UAEPAXI@Z  00425dca f i nafxcw:array_w.obj
 0001:00024dca       ??_GCWordArray@@UAEPAXI@Z  00425dca f i nafxcw:array_w.obj
 0001:00024de6       ??1CWordArray@@UAE@XZ      00425de6 f   nafxcw:array_w.obj
 0001:00024e13       ?SetSize@CWordArray@@QAEXHH@Z 00425e13 f   nafxcw:array_w.obj
 0001:00024f26       ?SetAtGrow@CWordArray@@QAEXHG@Z 00425f26 f   nafxcw:array_w.obj
 0001:00024f4f       ?RemoveAt@CWordArray@@QAEXHH@Z 00425f4f f   nafxcw:array_w.obj
 0001:00024f85       ?Serialize@CWordArray@@UAEXAAVCArchive@@@Z 00425f85 f   nafxcw:array_w.obj
 0001:00024fd8       ?Create@CPlex@@SGPAU1@AAPAU1@II@Z 00425fd8 f   nafxcw:plex.obj
 0001:00024ff8       ?FreeDataChain@CPlex@@QAEXXZ 00425ff8 f   nafxcw:plex.obj
 0001:0002500e       ??0CPtrArray@@QAE@XZ       0042600e f   nafxcw:array_p.obj
 0001:00025025       ??_GCPtrArray@@UAEPAXI@Z   00426025 f i nafxcw:array_p.obj
 0001:00025025       ??_ECPtrArray@@UAEPAXI@Z   00426025 f i nafxcw:array_p.obj
 0001:00025041       ??1CPtrArray@@UAE@XZ       00426041 f   nafxcw:array_p.obj
 0001:0002506e       ??0CStringArray@@QAE@XZ    0042606e f   nafxcw:array_s.obj
 0001:00025085       ??_GCStringArray@@UAEPAXI@Z 00426085 f i nafxcw:array_s.obj
 0001:00025085       ??_ECStringArray@@UAEPAXI@Z 00426085 f i nafxcw:array_s.obj
 0001:000250a1       ??1CStringArray@@UAE@XZ    004260a1 f   nafxcw:array_s.obj
 0001:00025101       ?SetSize@CStringArray@@QAEXHH@Z 00426101 f   nafxcw:array_s.obj
 0001:0002524a       ?SetAtGrow@CStringArray@@QAEXHPBD@Z 0042624a f   nafxcw:array_s.obj
 0001:00025276       ?Serialize@CStringArray@@UAEXAAVCArchive@@@Z 00426276 f   nafxcw:array_s.obj
 0001:000252df       ??0CDWordArray@@QAE@XZ     004262df f   nafxcw:array_d.obj
 0001:000252f6       ??_GCDWordArray@@UAEPAXI@Z 004262f6 f i nafxcw:array_d.obj
 0001:000252f6       ??_ECDWordArray@@UAEPAXI@Z 004262f6 f i nafxcw:array_d.obj
 0001:00025312       ??1CDWordArray@@UAE@XZ     00426312 f   nafxcw:array_d.obj
 0001:0002533f       ?SetSize@CPtrArray@@QAEXHH@Z 0042633f f   nafxcw:array_d.obj
 0001:0002533f       ?SetSize@CDWordArray@@QAEXHH@Z 0042633f f   nafxcw:array_d.obj
 0001:00025458       ?Serialize@CDWordArray@@UAEXAAVCArchive@@@Z 00426458 f   nafxcw:array_d.obj
 0001:000254ad       ?RemoveAll@CPtrList@@QAEXXZ 004264ad f   nafxcw:list_p.obj
 0001:000254cd       ?FreeNode@CPtrList@@IAEXPAUCNode@1@@Z 004264cd f   nafxcw:list_p.obj
 0001:000254e6       ?RemoveHead@CPtrList@@QAEPAXXZ 004264e6 f   nafxcw:list_p.obj
 0001:0002550a       ??0CMapPtrToPtr@@QAE@H@Z   0042650a f   nafxcw:map_pp.obj
 0001:00025531       ??_ECMapPtrToPtr@@UAEPAXI@Z 00426531 f i nafxcw:map_pp.obj
 0001:00025531       ??_GCMapPtrToPtr@@UAEPAXI@Z 00426531 f i nafxcw:map_pp.obj
 0001:0002554d       ?InitHashTable@CMapPtrToPtr@@QAEXIH@Z 0042654d f   nafxcw:map_pp.obj
 0001:00025592       ?RemoveAll@CMapPtrToPtr@@QAEXXZ 00426592 f   nafxcw:map_pp.obj
 0001:000255bd       ??1CMapPtrToPtr@@UAE@XZ    004265bd f   nafxcw:map_pp.obj
 0001:000255e6       ?NewAssoc@CMapPtrToPtr@@IAEPAUCAssoc@1@XZ 004265e6 f   nafxcw:map_pp.obj
 0001:00025633       ?FreeAssoc@CMapPtrToPtr@@IAEXPAUCAssoc@1@@Z 00426633 f   nafxcw:map_pp.obj
 0001:0002564c       ?GetAssocAt@CMapPtrToPtr@@IBEPAUCAssoc@1@PAXAAI@Z 0042664c f   nafxcw:map_pp.obj
 0001:0002567e       ?GetValueAt@CMapPtrToPtr@@QBEPAXPAX@Z 0042667e f   nafxcw:map_pp.obj
 0001:000256b1       ??ACMapPtrToPtr@@QAEAAPAXPAX@Z 004266b1 f   nafxcw:map_pp.obj
 0001:00025701       ?RemoveKey@CMapPtrToPtr@@QAEHPAX@Z 00426701 f   nafxcw:map_pp.obj
 0001:00025743       ?GetNextAssoc@CMapPtrToPtr@@QBEXAAPAU__POSITION@@AAPAX1@Z 00426743 f   nafxcw:map_pp.obj
 0001:000257b5       ?GetRuntimeClass@CObject@@UBEPAUCRuntimeClass@@XZ 004267b5 f   nafxcw:objcore.obj
 0001:000257bb       ?IsKindOf@CObject@@QBEHPBUCRuntimeClass@@@Z 004267bb f   nafxcw:objcore.obj
 0001:000257cd       ?AfxDynamicDownCast@@YAPAVCObject@@PAUCRuntimeClass@@PAV1@@Z 004267cd f   nafxcw:objcore.obj
 0001:000257ed       ?CreateObject@CRuntimeClass@@QAEPAVCObject@@XZ 004267ed f   nafxcw:objcore.obj
 0001:00025833       ?AfxClassInit@@YGXPAUCRuntimeClass@@@Z 00426833 f   nafxcw:objcore.obj
 0001:00025859       ?IsDerivedFrom@CRuntimeClass@@QBEHPBU1@@Z 00426859 f   nafxcw:objcore.obj
 0001:00025872       ?AfxNewHandler@@YAHI@Z     00426872 f   nafxcw:afxmem.obj
 0001:0002587a       ?AfxSetNewHandler@@YGP6AHI@ZP6AHI@Z@Z 0042687a f   nafxcw:afxmem.obj
 0001:0002588c       ??2@YAPAXI@Z               0042688c f   nafxcw:afxmem.obj
 0001:000258b5       ??3@YAXPAX@Z               004268b5 f   nafxcw:afxmem.obj
 0001:000258c0       ??0CException@@QAE@XZ      004268c0 f   nafxcw:except.obj
 0001:000258ca       ??0CException@@QAE@H@Z     004268ca f   nafxcw:except.obj
 0001:000258d6       ?Delete@CException@@QAEXXZ 004268d6 f   nafxcw:except.obj
 0001:000258e8       ?ReportError@CException@@UAEHII@Z 004268e8 f   nafxcw:except.obj
 0001:0002593d       ?ThrowOsError@CFileException@@SGXJPBD@Z 0042693d f   nafxcw:filex.obj
 0001:0002595e       ?GetErrorMessage@CFileException@@UAEHPADIPAI@Z 0042695e f   nafxcw:filex.obj
 0001:000259fe       ?AfxThrowFileException@@YGXHJPBD@Z 004269fe f   nafxcw:filex.obj
 0001:00025a69       ?OsErrorToException@CFileException@@SGHJ@Z 00426a69 f   nafxcw:filex.obj
 0001:00025ce7       ??0CStdioFile@@QAE@XZ      00426ce7 f   nafxcw:filetxt.obj
 0001:00025cfd       ??_ECStdioFile@@UAEPAXI@Z  00426cfd f i nafxcw:filetxt.obj
 0001:00025cfd       ??_GCStdioFile@@UAEPAXI@Z  00426cfd f i nafxcw:filetxt.obj
 0001:00025d19       ??1CStdioFile@@UAE@XZ      00426d19 f   nafxcw:filetxt.obj
 0001:00025d5c       ?Open@CStdioFile@@UAEHPBDIPAVCFileException@@@Z 00426d5c f   nafxcw:filetxt.obj
 0001:00025e30       ?Read@CStdioFile@@UAEIPAXI@Z 00426e30 f   nafxcw:filetxt.obj
 0001:00025e9c       ?Write@CStdioFile@@UAEXPBXI@Z 00426e9c f   nafxcw:filetxt.obj
 0001:00025ecf       ?WriteString@CStdioFile@@UAEXPBD@Z 00426ecf f   nafxcw:filetxt.obj
 0001:00025efa       ?ReadString@CStdioFile@@UAEPADPADI@Z 00426efa f   nafxcw:filetxt.obj
 0001:00025f3f       ?ReadString@CStdioFile@@UAEHAAVCString@@@Z 00426f3f f   nafxcw:filetxt.obj
 0001:00026002       ?Seek@CStdioFile@@UAEJJI@Z 00427002 f   nafxcw:filetxt.obj
 0001:0002603a       ?GetPosition@CStdioFile@@UBEKXZ 0042703a f   nafxcw:filetxt.obj
 0001:00026064       ?Flush@CStdioFile@@UAEXXZ  00427064 f   nafxcw:filetxt.obj
 0001:0002608c       ?Close@CStdioFile@@UAEXXZ  0042708c f   nafxcw:filetxt.obj
 0001:000260c2       ?Abort@CStdioFile@@UAEXXZ  004270c2 f   nafxcw:filetxt.obj
 0001:000260e7       ?Duplicate@CStdioFile@@UBEPAVCFile@@XZ 004270e7 f   nafxcw:filetxt.obj
 0001:000260ef       ?UnlockRange@CStdioFile@@UAEXKK@Z 004270ef f   nafxcw:filetxt.obj
 0001:000260ef       ?LockRange@CStdioFile@@UAEXKK@Z 004270ef f   nafxcw:filetxt.obj
 0001:000260f7       ??0CString@@QAE@ABV0@@Z    004270f7 f   nafxcw:strcore.obj
 0001:000261ef       ?AllocBuffer@CString@@IAEXH@Z 004271ef f   nafxcw:strcore.obj
 0001:00026271       ?FreeData@CString@@KIXPAUCStringData@@@Z 00427271 f   nafxcw:strcore.obj
 0001:000262b9       ?Release@CString@@IAEXXZ   004272b9 f   nafxcw:strcore.obj
 0001:000262ea       ?Release@CString@@KGXPAUCStringData@@@Z 004272ea f   nafxcw:strcore.obj
 0001:0002630d       ?Empty@CString@@QAEXXZ     0042730d f   nafxcw:strcore.obj
 0001:0002632b       ?CopyBeforeWrite@CString@@IAEXXZ 0042732b f   nafxcw:strcore.obj
 0001:00026359       ?AllocBeforeWrite@CString@@IAEXH@Z 00427359 f   nafxcw:strcore.obj
 0001:00026382       ??1CString@@QAE@XZ         00427382 f   nafxcw:strcore.obj
 0001:000263ac       ??0CString@@QAE@PBD@Z      004273ac f   nafxcw:strcore.obj
 0001:000263fe       ?AssignCopy@CString@@IAEXHPBD@Z 004273fe f   nafxcw:strcore.obj
 0001:0002642b       ??4CString@@QAEABV0@ABV0@@Z 0042742b f   nafxcw:strcore.obj
 0001:0002647b       ??4CString@@QAEABV0@PBD@Z  0042747b f   nafxcw:strcore.obj
 0001:000264a2       ??4CString@@QAEABV0@PBG@Z  004274a2 f   nafxcw:strcore.obj
 0001:000264e3       ?ConcatCopy@CString@@IAEXHPBDH0@Z 004274e3 f   nafxcw:strcore.obj
 0001:00026521       ?ConcatInPlace@CString@@IAEXHPBD@Z 00427521 f   nafxcw:strcore.obj
 0001:00026580       ??YCString@@QAEABV0@PBD@Z  00427580 f   nafxcw:strcore.obj
 0001:000265a7       ?GetBuffer@CString@@QAEPADH@Z 004275a7 f   nafxcw:strcore.obj
 0001:000265f6       ?ReleaseBuffer@CString@@QAEXH@Z 004275f6 f   nafxcw:strcore.obj
 0001:0002661e       ?GetBufferSetLength@CString@@QAEPADH@Z 0042761e f   nafxcw:strcore.obj
 0001:0002663e       ?SetAt@CString@@QAEXHD@Z   0042763e f   nafxcw:strcore.obj
 0001:00026657       ?_wcstombsz@@YAHPADPBGI@Z  00427657 f   nafxcw:strcore.obj
 0001:0002668d       ??0CFile@@QAE@XZ           0042768d f   nafxcw:filecore.obj
 0001:000266a7       ??_ECFile@@UAEPAXI@Z       004276a7 f i nafxcw:filecore.obj
 0001:000266a7       ??_GCFile@@UAEPAXI@Z       004276a7 f i nafxcw:filecore.obj
 0001:000266c3       ??0CFile@@QAE@H@Z          004276c3 f   nafxcw:filecore.obj
 0001:000266e2       ??1CFile@@UAE@XZ           004276e2 f   nafxcw:filecore.obj
 0001:0002672a       ?Duplicate@CFile@@UBEPAV1@XZ 0042772a f   nafxcw:filecore.obj
 0001:0002679f       ?Open@CFile@@UAEHPBDIPAVCFileException@@@Z 0042779f f   nafxcw:filecore.obj
 0001:000268bc       ?Read@CFile@@UAEIPAXI@Z    004278bc f   nafxcw:filecore.obj
 0001:000268f6       ?Write@CFile@@UAEXPBXI@Z   004278f6 f   nafxcw:filecore.obj
 0001:00026941       ?Seek@CFile@@UAEJJI@Z      00427941 f   nafxcw:filecore.obj
 0001:00026970       ?GetPosition@CFile@@UBEKXZ 00427970 f   nafxcw:filecore.obj
 0001:00026999       ?Flush@CFile@@UAEXXZ       00427999 f   nafxcw:filecore.obj
 0001:000269ba       ?Close@CFile@@UAEXXZ       004279ba f   nafxcw:filecore.obj
 0001:000269fb       ?Abort@CFile@@UAEXXZ       004279fb f   nafxcw:filecore.obj
 0001:00026a1b       ?LockRange@CFile@@UAEXKK@Z 00427a1b f   nafxcw:filecore.obj
 0001:00026a44       ?UnlockRange@CFile@@UAEXKK@Z 00427a44 f   nafxcw:filecore.obj
 0001:00026a6d       ?SetLength@CFile@@UAEXK@Z  00427a6d f   nafxcw:filecore.obj
 0001:00026a99       ?GetLength@CFile@@UBEKXZ   00427a99 f   nafxcw:filecore.obj
 0001:00026ac6       ?GetBufferPtr@CFile@@UAEIIIPAPAX0@Z 00427ac6 f   nafxcw:filecore.obj
 0001:00026acb       ?AfxFullPath@@YGHPADPBD@Z  00427acb f   nafxcw:filecore.obj
 0001:00026b9b       ?AfxGetRoot@@YGXPBDAAVCString@@@Z 00427b9b f   nafxcw:filecore.obj
 0001:00026c61       ?AfxGetFileTitle@@YGIPBDPADI@Z 00427c61 f   nafxcw:filecore.obj
 0001:00026cb7       ?GetMessageMap@CWinApp@@MBEPBUAFX_MSGMAP@@XZ 00427cb7 f   nafxcw:appcore.obj
 0001:00026cbd       ?Run@CWinApp@@UAEHXZ       00427cbd f   nafxcw:appcore.obj
 0001:00026cdf       ?WinHelpA@CWinApp@@UAEXKI@Z 00427cdf f   nafxcw:appcore.obj
 0001:00026d16       ?ProcessWndProcException@CWinApp@@UAEJPAVCException@@PBUtagMSG@@@Z 00427d16 f   nafxcw:appcore.obj
 0001:00026d8d       ?OnIdle@CWinApp@@UAEHJ@Z   00427d8d f   nafxcw:appcore.obj
 0001:00026df7       ?DevModeChange@CWinApp@@QAEXPAD@Z 00427df7 f   nafxcw:appcore.obj
 0001:00026ea4       ?_AfxThreadEntry@@YGIPAX@Z 00427ea4 f   nafxcw:thrdcore.obj
 0001:00026fd2       ?AfxGetThread@@YGPAVCWinThread@@XZ 00427fd2 f   nafxcw:thrdcore.obj
 0001:00026fe7       ?AfxBeginThread@@YGPAVCWinThread@@P6AIPAX@Z0HIKPAU_SECURITY_ATTRIBUTES@@@Z 00427fe7 f   nafxcw:thrdcore.obj
 0001:00027068       ?AfxEndThread@@YGXIH@Z     00428068 f   nafxcw:thrdcore.obj
 0001:000270ad       ?AfxInitThread@@YGXXZ      004280ad f   nafxcw:thrdcore.obj
 0001:0002710c       ?AfxTermThread@@YGXPAUHINSTANCE__@@@Z 0042810c f   nafxcw:thrdcore.obj
 0001:00027170       ?CreateThread@CWinThread@@QAEHKIPAU_SECURITY_ATTRIBUTES@@@Z 00428170 f   nafxcw:thrdcore.obj
 0001:00027252       ?Delete@CWinThread@@UAEXXZ 00428252 f   nafxcw:thrdcore.obj
 0001:00027264       ?Run@CWinThread@@UAEHXZ    00428264 f   nafxcw:thrdcore.obj
 0001:000272e3       ?IsIdleMessage@CWinThread@@UAEHPAUtagMSG@@@Z 004282e3 f   nafxcw:thrdcore.obj
 0001:0002733c       ?ExitInstance@CWinThread@@UAEHXZ 0042833c f   nafxcw:thrdcore.obj
 0001:00027340       ?OnIdle@CWinThread@@UAEHJ@Z 00428340 f   nafxcw:thrdcore.obj
 0001:0002744b       ?DispatchThreadMessageEx@CWinThread@@IAEHPAUtagMSG@@@Z 0042844b f   nafxcw:thrdcore.obj
 0001:000274c6       ?PreTranslateMessage@CWinThread@@UAEHPAUtagMSG@@@Z 004284c6 f   nafxcw:thrdcore.obj
 0001:00027523       ?ProcessWndProcException@CWinThread@@UAEJPAVCException@@PBUtagMSG@@@Z 00428523 f   nafxcw:thrdcore.obj
 0001:00027548       ?_AfxMsgFilterHook@@YGJHIJ@Z 00428548 f   nafxcw:thrdcore.obj
 0001:000275a0       ?IsHelpKey@@YGHPAUtagMSG@@@Z 004285a0 f   nafxcw:thrdcore.obj
 0001:000275eb       ?ProcessMessageFilter@CWinThread@@UAEHHPAUtagMSG@@@Z 004285eb f   nafxcw:thrdcore.obj
 0001:00027735       ?GetMainWnd@CWinThread@@UAEPAVCWnd@@XZ 00428735 f   nafxcw:thrdcore.obj
 0001:00027750       ?PumpMessage@CWinThread@@UAEHXZ 00428750 f   nafxcw:thrdcore.obj
 0001:00027790       ??0CCmdTarget@@QAE@XZ      00428790 f   nafxcw:cmdtarg.obj
 0001:000277aa       ??1CCmdTarget@@UAE@XZ      004287aa f   nafxcw:cmdtarg.obj
 0001:000277d5       ?_AfxDispatchCmdMsg@@YGHPAVCCmdTarget@@IHP81@AEXXZPAXIPAUAFX_CMDHANDLERINFO@@@Z 004287d5 f   nafxcw:cmdtarg.obj
 0001:000278dc       ?OnCmdMsg@CCmdTarget@@UAEHIHPAXPAUAFX_CMDHANDLERINFO@@@Z 004288dc f   nafxcw:cmdtarg.obj
 0001:000279eb       ?IsInvokeAllowed@CCmdTarget@@UAEHJ@Z 004289eb f   nafxcw:cmdtarg.obj
 0001:000279f1       ?IsFrameWnd@CWnd@@UBEHXZ   004289f1 f   nafxcw:cmdtarg.obj
 0001:000279f1       ?GetTypeInfoCount@CCmdTarget@@UAEIXZ 004289f1 f   nafxcw:cmdtarg.obj
 0001:000279f1       ?InitInstance@CWinThread@@UAEHXZ 004289f1 f   nafxcw:cmdtarg.obj
 0001:000279f1       ?GetTypeLibCache@CCmdTarget@@UAEPAVCTypeLibCache@@XZ 004289f1 f   nafxcw:cmdtarg.obj
 0001:000279f4       ?GetTypeLib@CCmdTarget@@UAEJKPAPAUITypeLib@@@Z 004289f4 f   nafxcw:cmdtarg.obj
 0001:000279fc       ?BeginWaitCursor@CCmdTarget@@QAEXXZ 004289fc f   nafxcw:cmdtarg.obj
 0001:00027a11       ?EndWaitCursor@CCmdTarget@@QAEXXZ 00428a11 f   nafxcw:cmdtarg.obj
 0001:00027a26       ?GetMessageMap@CCmdTarget@@MBEPBUAFX_MSGMAP@@XZ 00428a26 f   nafxcw:cmdtarg.obj
 0001:00027a2c       ?GetDispatchMap@CCmdTarget@@MBEPBUAFX_DISPMAP@@XZ 00428a2c f   nafxcw:cmdtarg.obj
 0001:00027a32       ?GetEventSinkMap@CCmdTarget@@MBEPBUAFX_EVENTSINKMAP@@XZ 00428a32 f   nafxcw:cmdtarg.obj
 0001:00027a38       ?GetInterfaceMap@CCmdTarget@@MBEPBUAFX_INTERFACEMAP@@XZ 00428a38 f   nafxcw:cmdtarg.obj
 0001:00027a3e       ?OnFinalRelease@CCmdTarget@@UAEXXZ 00428a3e f   nafxcw:cmdtarg.obj
 0001:00027a70       ?OnCreateAggregates@CCmdTarget@@UAEHXZ 00428a70 f   nafxcw:cmdtarg.obj
 0001:00027a70       ?CheckAutoCenter@CWnd@@UAEHXZ 00428a70 f   nafxcw:cmdtarg.obj
 0001:00027a74       ?GetConnectionMap@CCmdTarget@@MBEPBUAFX_CONNECTIONMAP@@XZ 00428a74 f   nafxcw:cmdtarg.obj
 0001:00027a7a       ?GetConnectionHook@CCmdTarget@@MAEPAUIConnectionPoint@@ABU_GUID@@@Z 00428a7a f   nafxcw:cmdtarg.obj
 0001:00027a7a       ?GetExtraConnectionPoints@CCmdTarget@@MAEHPAVCPtrArray@@@Z 00428a7a f   nafxcw:cmdtarg.obj
 0001:00027a7a       ?SetOccDialogInfo@CWnd@@MAEHPAU_AFX_OCC_DIALOG_INFO@@@Z 00428a7a f   nafxcw:cmdtarg.obj
 0001:00027a7a       ?GetDispatchIID@CCmdTarget@@UAEHPAU_GUID@@@Z 00428a7a f   nafxcw:cmdtarg.obj
 0001:00027a7a       ?GetScrollBarCtrl@CWnd@@UBEPAVCScrollBar@@H@Z 00428a7a f   nafxcw:cmdtarg.obj
 0001:00027a7a       ?GetInterfaceHook@CCmdTarget@@UAEPAUIUnknown@@PBX@Z 00428a7a f   nafxcw:cmdtarg.obj
 0001:00027a7f       ?GetCommandMap@CCmdTarget@@MBEPBUAFX_OLECMDMAP@@XZ 00428a7f f   nafxcw:cmdtarg.obj
 0001:00027a85       ??0CCmdUI@@QAE@XZ          00428a85 f   nafxcw:cmdtarg.obj
 0001:00027aab       ?Enable@CCmdUI@@UAEXH@Z    00428aab f   nafxcw:cmdtarg.obj
 0001:00027b3b       ?SetCheck@CCmdUI@@UAEXH@Z  00428b3b f   nafxcw:cmdtarg.obj
 0001:00027b9d       ?SetRadio@CCmdUI@@UAEXH@Z  00428b9d f   nafxcw:cmdtarg.obj
 0001:00027bf3       ?SetText@CCmdUI@@UAEXPBD@Z 00428bf3 f   nafxcw:cmdtarg.obj
 0001:00027c4a       ?AfxDlgProc@@YGHPAUHWND__@@IIJ@Z 00428c4a f   nafxcw:dlgcore.obj
 0001:00027c84       ?GetMessageMap@CDialog@@MBEPBUAFX_MSGMAP@@XZ 00428c84 f   nafxcw:dlgcore.obj
 0001:00027c8a       ?PreTranslateMessage@CDialog@@UAEHPAUtagMSG@@@Z 00428c8a f   nafxcw:dlgcore.obj
 0001:00027d23       ?OnCmdMsg@CDialog@@UAEHIHPAXPAUAFX_CMDHANDLERINFO@@@Z 00428d23 f   nafxcw:dlgcore.obj
 0001:00027da8       ??_GCDialog@@UAEPAXI@Z     00428da8 f i nafxcw:dlgcore.obj
 0001:00027da8       ??_ECDialog@@UAEPAXI@Z     00428da8 f i nafxcw:dlgcore.obj
 0001:00027dc4       ??1CDialog@@UAE@XZ         00428dc4 f   nafxcw:dlgcore.obj
 0001:00027e02       ?CreateDlgIndirect@CWnd@@IAEHPBUDLGTEMPLATE@@PAV1@PAUHINSTANCE__@@@Z 00428e02 f   nafxcw:dlgcore.obj
 0001:0002802f       ?SetOccDialogInfo@CDialog@@MAEHPAU_AFX_OCC_DIALOG_INFO@@@Z 0042902f f   nafxcw:dlgcore.obj
 0001:0002803c       ??0CDialog@@QAE@IPAVCWnd@@@Z 0042903c f   nafxcw:dlgcore.obj
 0001:00028075       ?PreModal@CDialog@@IAEPAUHWND__@@XZ 00429075 f   nafxcw:dlgcore.obj
 0001:000280af       ?PostModal@CDialog@@IAEXXZ 004290af f   nafxcw:dlgcore.obj
 0001:000280f1       ?DoModal@CDialog@@UAEHXZ   004290f1 f   nafxcw:dlgcore.obj
 0001:00028251       ?EndDialog@CDialog@@QAEXH@Z 00429251 f   nafxcw:dlgcore.obj
 0001:00028274       ?HandleSetFont@CDialog@@IAEJIJ@Z 00429274 f   nafxcw:dlgcore.obj
 0001:00028298       ?HandleInitDialog@CDialog@@IAEJIJ@Z 00429298 f   nafxcw:dlgcore.obj
 0001:00028320       ?AfxHelpEnabled@@YGHXZ     00429320 f   nafxcw:dlgcore.obj
 0001:00028376       ?SetCheck@CTestCmdUI@@UAEXH@Z 00429376 f   nafxcw:dlgcore.obj
 0001:00028376       ?MeasureItem@CMenu@@UAEXPAUtagMEASUREITEMSTRUCT@@@Z 00429376 f   nafxcw:dlgcore.obj
 0001:00028376       ?SetText@CTestCmdUI@@UAEXPBD@Z 00429376 f   nafxcw:dlgcore.obj
 0001:00028376       ?SetRadio@CTestCmdUI@@UAEXH@Z 00429376 f   nafxcw:dlgcore.obj
 0001:00028376       ?DrawItem@CMenu@@UAEXPAUtagDRAWITEMSTRUCT@@@Z 00429376 f   nafxcw:dlgcore.obj
 0001:00028376       ?OnSetFont@CDialog@@UAEXPAVCFont@@@Z 00429376 f   nafxcw:dlgcore.obj
 0001:00028379       ?OnInitDialog@CDialog@@UAEHXZ 00429379 f   nafxcw:dlgcore.obj
 0001:000283de       ?OnOK@CDialog@@MAEXXZ      004293de f   nafxcw:dlgcore.obj
 0001:000283f7       ?OnCancel@CDialog@@MAEXXZ  004293f7 f   nafxcw:dlgcore.obj
 0001:000283ff       ?CheckAutoCenter@CDialog@@UAEHXZ 004293ff f   nafxcw:dlgcore.obj
 0001:0002847b       ?OnCtlColor@CDialog@@IAEPAUHBRUSH__@@PAVCDC@@PAVCWnd@@I@Z 0042947b f   nafxcw:dlgcore.obj
 0001:0002848f       ?OnCommandHelp@CDialog@@IAEJIJ@Z 0042948f f   nafxcw:dlgcore.obj
 0001:000284cd       ?OnHelpHitTest@CDialog@@IAEJIJ@Z 004294cd f   nafxcw:dlgcore.obj
 0001:000285ee       ??0CWnd@@QAE@XZ            004295ee f   nafxcw:wincore.obj
 0001:00028610       ??_ECWnd@@UAEPAXI@Z        00429610 f i nafxcw:wincore.obj
 0001:00028610       ??_GCWnd@@UAEPAXI@Z        00429610 f i nafxcw:wincore.obj
 0001:0002862c       ??0CWnd@@AAE@PAUHWND__@@@Z 0042962c f   nafxcw:wincore.obj
 0001:00028658       ?_AfxPreInitDialog@@YGXPAVCWnd@@PAUtagRECT@@PAK@Z 00429658 f   nafxcw:wincore.obj
 0001:0002867b       ?_AfxPostInitDialog@@YGXPAVCWnd@@ABUtagRECT@@K@Z 0042967b f   nafxcw:wincore.obj
 0001:000286f4       ?_AfxHandleActivate@@YGXPAVCWnd@@I0@Z 004296f4 f   nafxcw:wincore.obj
 0001:00028755       ?_AfxHandleSetCursor@@YGHPAVCWnd@@II@Z 00429755 f   nafxcw:wincore.obj
 0001:000287cb       ?AfxCallWndProc@@YGJPAVCWnd@@PAUHWND__@@IIJ@Z 004297cb f   nafxcw:wincore.obj
 0001:000288be       ?GetCurrentMessage@CWnd@@KGPBUtagMSG@@XZ 004298be f   nafxcw:wincore.obj
 0001:000288f3       ?Default@CWnd@@IAEJXZ      004298f3 f   nafxcw:wincore.obj
 0001:0002891a       ?afxMapHWND@@YGPAVCHandleMap@@H@Z 0042991a f   nafxcw:wincore.obj
 0001:0002898c       ?FromHandle@CWnd@@SGPAV1@PAUHWND__@@@Z 0042998c f   nafxcw:wincore.obj
 0001:000289b3       ?FromHandlePermanent@CWnd@@SGPAV1@PAUHWND__@@@Z 004299b3 f   nafxcw:wincore.obj
 0001:000289d1       ?Attach@CWnd@@QAEHPAUHWND__@@@Z 004299d1 f   nafxcw:wincore.obj
 0001:00028a0a       ?Detach@CWnd@@QAEPAUHWND__@@XZ 00429a0a f   nafxcw:wincore.obj
 0001:00028a38       ?AfxWndProc@@YGJPAUHWND__@@IIJ@Z 00429a38 f   nafxcw:wincore.obj
 0001:00028a67       ?AfxGetAfxWndProc@@YGP6GJPAUHWND__@@IIJ@ZXZ 00429a67 f   nafxcw:wincore.obj
 0001:00028a6d       ?_AfxActivationWndProc@@YGJPAUHWND__@@IIJ@Z 00429a6d f   nafxcw:wincore.obj
[...]
 0001:0002d62e       _$E366                     0042e62e f   nafxcw:array_s.obj
 0001:0002d633       _$E365                     0042e633 f   nafxcw:array_s.obj
 0001:0002d5fb       _$E366                     0042e5fb f   nafxcw:array_w.obj
 0001:0002d600       _$E365                     0042e600 f   nafxcw:array_w.obj
 0001:0002612a       _$E368                     0042712a f   nafxcw:strcore.obj
 0001:00026134       _$E365                     00427134 f   nafxcw:strcore.obj
 0001:00026143       _$E367                     00427143 f   nafxcw:strcore.obj
 0001:0002614f       _$E366                     0042714f f   nafxcw:strcore.obj
 0001:00026159       _$E373                     00427159 f   nafxcw:strcore.obj
 0001:00026163       _$E370                     00427163 f   nafxcw:strcore.obj
 0001:00026175       _$E372                     00427175 f   nafxcw:strcore.obj
 0001:00026181       _$E371                     00427181 f   nafxcw:strcore.obj
 0001:0002618b       _$E378                     0042718b f   nafxcw:strcore.obj
 0001:00026195       _$E375                     00427195 f   nafxcw:strcore.obj
 0001:000261a7       _$E377                     004271a7 f   nafxcw:strcore.obj
 0001:000261b3       _$E376                     004271b3 f   nafxcw:strcore.obj
 0001:000261bd       _$E383                     004271bd f   nafxcw:strcore.obj
 0001:000261c7       _$E380                     004271c7 f   nafxcw:strcore.obj
 0001:000261d9       _$E382                     004271d9 f   nafxcw:strcore.obj
 0001:000261e5       _$E381                     004271e5 f   nafxcw:strcore.obj
 0001:0002d534       _$E368                     0042e534 f   nafxcw:except.obj
 0001:0002d53e       _$E365                     0042e53e f   nafxcw:except.obj
 0001:0002d550       _$E367                     0042e550 f   nafxcw:except.obj
 0001:0002d55c       _$E366                     0042e55c f   nafxcw:except.obj
 0001:0002d56c       _$E373                     0042e56c f   nafxcw:except.obj
 0001:0002d576       _$E370                     0042e576 f   nafxcw:except.obj
 0001:0002d588       _$E372                     0042e588 f   nafxcw:except.obj
 0001:0002d594       _$E371                     0042e594 f   nafxcw:except.obj
 0001:00021011       _findenv                   00422011 f   libcmt:setenv.obj
 0001:00021069       _copy_environ              00422069 f   libcmt:setenv.obj
 0001:00020e5f       _strncnt                   00421e5f f   libcmt:a_cmp.obj
 0001:0002019d       _siglookup                 0042119d f   libcmt:winsig.obj
 0001:0001fddd       _x_ismbbtype               00420ddd f   libcmt:ismbbyte.obj
 0001:0001e874       label0                     0041f874 f   libcmt:adj_fdiv.obj
 0001:0001e87a       label1                     0041f87a f   libcmt:adj_fdiv.obj
 0001:0001e87f       label2                     0041f87f f   libcmt:adj_fdiv.obj
 0001:0001e885       label3                     0041f885 f   libcmt:adj_fdiv.obj
 0001:0001e88a       label4                     0041f88a f   libcmt:adj_fdiv.obj
 0001:0001e890       label5                     0041f890 f   libcmt:adj_fdiv.obj
 0001:0001e896       label6                     0041f896 f   libcmt:adj_fdiv.obj
 0001:0001e89c       label7                     0041f89c f   libcmt:adj_fdiv.obj
 0001:0001e8a2       label8                     0041f8a2 f   libcmt:adj_fdiv.obj
 0001:0001e8be       label9                     0041f8be f   libcmt:adj_fdiv.obj
 0001:0001e8c3       label10                    0041f8c3 f   libcmt:adj_fdiv.obj
 0001:0001e8d9       label11                    0041f8d9 f   libcmt:adj_fdiv.obj
 0001:0001e8de       label12                    0041f8de f   libcmt:adj_fdiv.obj
 0001:0001e8fa       label13                    0041f8fa f   libcmt:adj_fdiv.obj
 0001:0001e90a       label14                    0041f90a f   libcmt:adj_fdiv.obj
 0001:0001e91e       label15                    0041f91e f   libcmt:adj_fdiv.obj
 0001:0001e92e       label16                    0041f92e f   libcmt:adj_fdiv.obj
 0001:0001e94e       label17                    0041f94e f   libcmt:adj_fdiv.obj
 0001:0001e953       label18                    0041f953 f   libcmt:adj_fdiv.obj
 0001:0001e96d       label19                    0041f96d f   libcmt:adj_fdiv.obj
 0001:0001e972       label20                    0041f972 f   libcmt:adj_fdiv.obj
 0001:0001e992       label21                    0041f992 f   libcmt:adj_fdiv.obj
 0001:0001e9a6       label22                    0041f9a6 f   libcmt:adj_fdiv.obj
 0001:0001e9be       label23                    0041f9be f   libcmt:adj_fdiv.obj
 0001:0001e9d2       label24                    0041f9d2 f   libcmt:adj_fdiv.obj
 0001:0001e9f2       label25                    0041f9f2 f   libcmt:adj_fdiv.obj
 0001:0001e9f7       label26                    0041f9f7 f   libcmt:adj_fdiv.obj
 0001:0001ea11       label27                    0041fa11 f   libcmt:adj_fdiv.obj
 0001:0001ea16       label28                    0041fa16 f   libcmt:adj_fdiv.obj
 0001:0001ea36       label29                    0041fa36 f   libcmt:adj_fdiv.obj
 0001:0001ea4a       label30                    0041fa4a f   libcmt:adj_fdiv.obj
 0001:0001ea62       label31                    0041fa62 f   libcmt:adj_fdiv.obj
 0001:0001ea76       label32                    0041fa76 f   libcmt:adj_fdiv.obj
 0001:0001ea96       label33                    0041fa96 f   libcmt:adj_fdiv.obj
 0001:0001ea9b       label34                    0041fa9b f   libcmt:adj_fdiv.obj
 0001:0001eab5       label35                    0041fab5 f   libcmt:adj_fdiv.obj
 0001:0001eaba       label36                    0041faba f   libcmt:adj_fdiv.obj
 0001:0001eada       label37                    0041fada f   libcmt:adj_fdiv.obj
 0001:0001eaee       label38                    0041faee f   libcmt:adj_fdiv.obj
 0001:0001eb06       label39                    0041fb06 f   libcmt:adj_fdiv.obj
 0001:0001eb1a       label40                    0041fb1a f   libcmt:adj_fdiv.obj
 0001:0001eb3a       label41                    0041fb3a f   libcmt:adj_fdiv.obj
 0001:0001eb3f       label42                    0041fb3f f   libcmt:adj_fdiv.obj
 0001:0001eb59       label43                    0041fb59 f   libcmt:adj_fdiv.obj
 0001:0001eb5e       label44                    0041fb5e f   libcmt:adj_fdiv.obj
 0001:0001eb7e       label45                    0041fb7e f   libcmt:adj_fdiv.obj
 0001:0001eb92       label46                    0041fb92 f   libcmt:adj_fdiv.obj
 0001:0001ebaa       label47                    0041fbaa f   libcmt:adj_fdiv.obj
 0001:0001ebbe       label48                    0041fbbe f   libcmt:adj_fdiv.obj
 0001:0001ebde       label49                    0041fbde f   libcmt:adj_fdiv.obj
 0001:0001ebe3       label50                    0041fbe3 f   libcmt:adj_fdiv.obj
 0001:0001ebfd       label51                    0041fbfd f   libcmt:adj_fdiv.obj
 0001:0001ec02       label52                    0041fc02 f   libcmt:adj_fdiv.obj
 0001:0001ec22       label53                    0041fc22 f   libcmt:adj_fdiv.obj
 0001:0001ec36       label54                    0041fc36 f   libcmt:adj_fdiv.obj
 0001:0001ec4e       label55                    0041fc4e f   libcmt:adj_fdiv.obj
 0001:0001ec62       label56                    0041fc62 f   libcmt:adj_fdiv.obj
 0001:0001ec82       label57                    0041fc82 f   libcmt:adj_fdiv.obj
 0001:0001ec87       label58                    0041fc87 f   libcmt:adj_fdiv.obj
 0001:0001eca1       label59                    0041fca1 f   libcmt:adj_fdiv.obj
 0001:0001eca6       label60                    0041fca6 f   libcmt:adj_fdiv.obj
 0001:0001ecc6       label61                    0041fcc6 f   libcmt:adj_fdiv.obj
 0001:0001ecda       label62                    0041fcda f   libcmt:adj_fdiv.obj
 0001:0001ecf2       label63                    0041fcf2 f   libcmt:adj_fdiv.obj
 0001:0001de48       __abstract_cw              0041ee48 f   libcmt:ieee87.obj
 0001:0001deda       __hw_cw                    0041eeda f   libcmt:ieee87.obj
 0001:0001d330       __tzset_lk                 0041e330 f   libcmt:tzset.obj
 0001:0001d5d8       __isindst_lk               0041e5d8 f   libcmt:tzset.obj
 0001:0001d784       _cvtdate                   0041e784 f   libcmt:tzset.obj
 0001:00020e5f       _strncnt                   00421e5f f   libcmt:a_cmp.obj
 0001:0001bae2       _parse_cmdline             0041cae2 f   libcmt:stdargv.obj
 0001:0001b8fe       _xcptlookup                0041c8fe f   libcmt:winxfltr.obj
 0001:00019fa1       fFEXP                      0041afa1 f   libcmt:87tran.obj
 0001:0001a0e1       _rtforexpinf               0041b0e1 f   libcmt:87tran.obj
 0001:00019d43       __get_fname                0041ad43 f   libcmt:fpexcept.obj
 0001:00019614       _write_char                0041a614 f   libcmt:output.obj
 0001:00019649       _write_multi_char          0041a649 f   libcmt:output.obj
 0001:0001967a       _write_string              0041a67a f   libcmt:output.obj
 0001:000196b2       _get_int_arg               0041a6b2 f   libcmt:output.obj
 0001:000196bf       _get_int64_arg             0041a6bf f   libcmt:output.obj
 0001:000196cf       _get_short_arg             0041a6cf f   libcmt:output.obj
 0001:00018af4       __cftoe2                   00419af4 f   libcmt:cvt.obj
 0001:00018c0b       __cftof2                   00419c0b f   libcmt:cvt.obj
 0001:00018d96       __shift                    00419d96 f   libcmt:cvt.obj
 0001:00018729       __hextodec                 00419729 f   libcmt:input.obj
 0001:00018760       __inc                      00419760 f   libcmt:input.obj
 0001:0001877a       __un_inc                   0041977a f   libcmt:input.obj
 0001:00018791       __whiteout                 00419791 f   libcmt:input.obj
 0001:0001725b       ?FindHandler@@YAXPAUEHExceptionRecord@@PAUEHRegistrationNode@@PAU_CONTEXT@@PAXPBU_s_FuncInfo@@EH1@Z 0041825b f   libcmt:frame.obj
 0001:0001740e       ?FindHandlerForForeignException@@YAXPAUEHExceptionRecord@@PAUEHRegistrationNode@@PAU_CONTEXT@@PAXPBU_s_FuncInfo@@HH1@Z 0041840e f   libcmt:frame.obj
 0001:000174b8       ?TypeMatch@@YAHPBU_s_HandlerType@@PBU_s_CatchableType@@PBU_s_ThrowInfo@@@Z 004184b8 f   libcmt:frame.obj
 0001:000175b3       ?FrameUnwindFilter@@YAHPAU_EXCEPTION_POINTERS@@@Z 004185b3 f   libcmt:frame.obj
 0001:000175c9       ?CatchIt@@YAXPAUEHExceptionRecord@@PAUEHRegistrationNode@@PAU_CONTEXT@@PAXPBU_s_FuncInfo@@PBU_s_HandlerType@@PBU_s_CatchableType@@PBU_s_TryBlockMapEntry@@H1E@Z 004185c9 f   libcmt:frame.obj
 0001:00017644       ?CallCatchBlock@@YAPAXPAUEHExceptionRecord@@PAUEHRegistrationNode@@PAU_CONTEXT@@PBU_s_FuncInfo@@PAXHK@Z 00418644 f   libcmt:frame.obj
 0001:0001775f       ?ExFilterRethrow@@YAHPAU_EXCEPTION_POINTERS@@@Z 0041875f f   libcmt:frame.obj
 0001:00017789       ?BuildCatchObject@@YAXPAUEHExceptionRecord@@PAUEHRegistrationNode@@PBU_s_HandlerType@@PBU_s_CatchableType@@@Z 00418789 f   libcmt:frame.obj
 0001:000179b4       ?AdjustPointer@@YAPAXPAXABUPMD@@@Z 004189b4 f   libcmt:frame.obj
 0001:00016ed2       __make_time_t              00417ed2 f   libcmt:mktime.obj
 0001:00016bc1       _getSystemCP               00417bc1 f   libcmt:mbctype.obj
 0001:00016c0b       _CPtoLCID                  00417c0b f   libcmt:mbctype.obj
 0001:00016c3e       _setSBCS                   00417c3e f   libcmt:mbctype.obj
 0001:00016c67       _setSBUpLow                00417c67 f   libcmt:mbctype.obj
 0001:000167f8       _strtoxl                   004177f8 f   libcmt:strtol.obj
 0001:00016664       __threadstartex@4          00417664 f   libcmt:threadex.obj
 0001:00016528       _doexit                    00417528 f   libcmt:crt0dat.obj
 0001:000165df       __initterm                 004175df f   libcmt:crt0dat.obj
 0001:00015d11       __expandtime               00416d11 f   libcmt:strftime.obj
 0001:00016100       __store_str                00417100 f   libcmt:strftime.obj
 0001:00016127       __store_num                00417127 f   libcmt:strftime.obj
 0001:00016196       __store_number             00417196 f   libcmt:strftime.obj
 0001:000161df       __store_winword            004171df f   libcmt:strftime.obj
 0001:000150e0       LeadUp1                    004160e0 f   libcmt:memcpy.obj
 0001:0001510c       LeadUp2                    0041610c f   libcmt:memcpy.obj
 0001:00015130       LeadUp3                    00416130 f   libcmt:memcpy.obj
 0001:000151af       UnwindUp0                  004161af f   libcmt:memcpy.obj
 0001:0001519c       UnwindUp1                  0041619c f   libcmt:memcpy.obj
 0001:00015194       UnwindUp2                  00416194 f   libcmt:memcpy.obj
 0001:0001518c       UnwindUp3                  0041618c f   libcmt:memcpy.obj
 0001:00015184       UnwindUp4                  00416184 f   libcmt:memcpy.obj
 0001:0001517c       UnwindUp5                  0041617c f   libcmt:memcpy.obj
 0001:00015174       UnwindUp6                  00416174 f   libcmt:memcpy.obj
 0001:0001516c       UnwindUp7                  0041616c f   libcmt:memcpy.obj
 0001:000151c8       TrailUp0                   004161c8 f   libcmt:memcpy.obj
 0001:000151d0       TrailUp1                   004161d0 f   libcmt:memcpy.obj
 0001:000151dc       TrailUp2                   004161dc f   libcmt:memcpy.obj
 0001:000151f0       TrailUp3                   004161f0 f   libcmt:memcpy.obj
 0001:00015268       LeadDown1                  00416268 f   libcmt:memcpy.obj
 0001:00015288       LeadDown2                  00416288 f   libcmt:memcpy.obj
 0001:000152b0       LeadDown3                  004162b0 f   libcmt:memcpy.obj
 0001:00015304       UnwindDown7                00416304 f   libcmt:memcpy.obj
 0001:0001530c       UnwindDown6                0041630c f   libcmt:memcpy.obj
 0001:00015314       UnwindDown5                00416314 f   libcmt:memcpy.obj
 0001:0001531c       UnwindDown4                0041631c f   libcmt:memcpy.obj
 0001:00015324       UnwindDown3                00416324 f   libcmt:memcpy.obj
 0001:0001532c       UnwindDown2                0041632c f   libcmt:memcpy.obj
 0001:00015334       UnwindDown1                00416334 f   libcmt:memcpy.obj
 0001:00015347       UnwindDown0                00416347 f   libcmt:memcpy.obj
 0001:00015360       TrailDown0                 00416360 f   libcmt:memcpy.obj
 0001:00015368       TrailDown1                 00416368 f   libcmt:memcpy.obj
 0001:00015378       TrailDown2                 00416378 f   libcmt:memcpy.obj
 0001:0001538c       TrailDown3                 0041638c f   libcmt:memcpy.obj
 0001:00014f69       _flsall                    00415f69 f   libcmt:fflush.obj
 0001:00014804       _fast_error_exit           00415804 f   libcmt:wincrt0.obj
 0001:000175b3       ?ArrayUnwindFilter@@YAHPAU_EXCEPTION_POINTERS@@@Z 004185b3 f   libcmt:frame.obj
 0001:000135c0       LeadUp1                    004145c0 f   libcmt:memmove.obj
 0001:000135ec       LeadUp2                    004145ec f   libcmt:memmove.obj
 0001:00013610       LeadUp3                    00414610 f   libcmt:memmove.obj
 0001:0001368f       UnwindUp0                  0041468f f   libcmt:memmove.obj
 0001:0001367c       UnwindUp1                  0041467c f   libcmt:memmove.obj
 0001:00013674       UnwindUp2                  00414674 f   libcmt:memmove.obj
 0001:0001366c       UnwindUp3                  0041466c f   libcmt:memmove.obj
 0001:00013664       UnwindUp4                  00414664 f   libcmt:memmove.obj
 0001:0001365c       UnwindUp5                  0041465c f   libcmt:memmove.obj
 0001:00013654       UnwindUp6                  00414654 f   libcmt:memmove.obj
 0001:0001364c       UnwindUp7                  0041464c f   libcmt:memmove.obj
 0001:000136a8       TrailUp0                   004146a8 f   libcmt:memmove.obj
 0001:000136b0       TrailUp1                   004146b0 f   libcmt:memmove.obj
 0001:000136bc       TrailUp2                   004146bc f   libcmt:memmove.obj
 0001:000136d0       TrailUp3                   004146d0 f   libcmt:memmove.obj
 0001:00013748       LeadDown1                  00414748 f   libcmt:memmove.obj
 0001:00013768       LeadDown2                  00414768 f   libcmt:memmove.obj
 0001:00013790       LeadDown3                  00414790 f   libcmt:memmove.obj
 0001:000137e4       UnwindDown7                004147e4 f   libcmt:memmove.obj
 0001:000137ec       UnwindDown6                004147ec f   libcmt:memmove.obj
 0001:000137f4       UnwindDown5                004147f4 f   libcmt:memmove.obj
 0001:000137fc       UnwindDown4                004147fc f   libcmt:memmove.obj
 0001:00013804       UnwindDown3                00414804 f   libcmt:memmove.obj
 0001:0001380c       UnwindDown2                0041480c f   libcmt:memmove.obj
 0001:00013814       UnwindDown1                00414814 f   libcmt:memmove.obj
 0001:00013827       UnwindDown0                00414827 f   libcmt:memmove.obj
 0001:00013840       TrailDown0                 00414840 f   libcmt:memmove.obj
 0001:00013848       TrailDown1                 00414848 f   libcmt:memmove.obj
 0001:00013858       TrailDown2                 00414858 f   libcmt:memmove.obj
 0001:0001386c       TrailDown3                 0041486c f   libcmt:memmove.obj
 0001:000133a8       _gu_return                 004143a8 f   libcmt:exsup.obj
 0001:000133b0       __unwind_handler           004143b0 f   libcmt:exsup.obj
 0001:000131c5       ?CatchGuardHandler@@YA?AW4_EXCEPTION_DISPOSITION@@PAUEHExceptionRecord@@PAUCatchGuardRN@@PAX2@Z 004141c5 f   libcmt:trnsctrl.obj
 0001:000132a0       ?TranslatorGuardHandler@@YA?AW4_EXCEPTION_DISPOSITION@@PAUEHExceptionRecord@@PAUTranslatorGuardRN@@PAX2@Z 004142a0 f   libcmt:trnsctrl.obj
 0001:000210f0       _LpfnGetDefWndProcNull     004220f0 f   ctl3d32s:CTL3D.OBJ
 0001:00021110       _LpfnGetDefWndProc         00422110 f   ctl3d32s:CTL3D.OBJ
 0001:00021160       _SubclassWindow            00422160 f   ctl3d32s:CTL3D.OBJ
 0001:00021300       _HookSubclassWindow        00422300 f   ctl3d32s:CTL3D.OBJ
 0001:00021340       _CleanupSubclass           00422340 f   ctl3d32s:CTL3D.OBJ
 0001:000213a0       _DeleteObjectNull          004223a0 f   ctl3d32s:CTL3D.OBJ
 0001:000213c0       _DeleteObjects             004223c0 f   ctl3d32s:CTL3D.OBJ
 0001:000213f0       _PatFill                   004223f0 f   ctl3d32s:CTL3D.OBJ
 0001:00021420       _DrawRec3d                 00422420 f   ctl3d32s:CTL3D.OBJ
 0001:00021560       _DrawInsetRect3d           00422560 f   ctl3d32s:CTL3D.OBJ
 0001:000215d0       _ClipCtlDc                 004225d0 f   ctl3d32s:CTL3D.OBJ
 0001:00021610       _MyGetTextExtent           00422610 f   ctl3d32s:CTL3D.OBJ
 0001:00021be0       _CheckChildSubclass        00422be0 f   ctl3d32s:CTL3D.OBJ
 0001:00021e40       _Ctl3dDlgFramePaintI@20    00422e40 f   ctl3d32s:CTL3D.OBJ
 0001:00022190       _FInit3dDialogs            00423190 f   ctl3d32s:CTL3D.OBJ
 0001:00022380       _End3dDialogs              00423380 f   ctl3d32s:CTL3D.OBJ
 0001:00022460       _InternalCtl3dColorChange  00423460 f   ctl3d32s:CTL3D.OBJ
 0001:00022920       _DoesChildNeedSubclass     00423920 f   ctl3d32s:CTL3D.OBJ
 0001:00022b10       _FBtn                      00423b10 f   ctl3d32s:CTL3D.OBJ
 0001:00022b40       _FEdit                     00423b40 f   ctl3d32s:CTL3D.OBJ
 0001:00022b40       _FList                     00423b40 f   ctl3d32s:CTL3D.OBJ
 0001:00022b90       _FComboList                00423b90 f   ctl3d32s:CTL3D.OBJ
 0001:00022bd0       _FCombo                    00423bd0 f   ctl3d32s:CTL3D.OBJ
 0001:00022ca0       _FStatic                   00423ca0 f   ctl3d32s:CTL3D.OBJ
 0001:00022cf0       _DoSubclassCtl             00423cf0 f   ctl3d32s:CTL3D.OBJ
 0001:00022de0       _Inval3dCtl                00423de0 f   ctl3d32s:CTL3D.OBJ
 0001:00022ea0       _Val3dCtl                  00423ea0 f   ctl3d32s:CTL3D.OBJ
 0001:00022f10       _DrawPushButton            00423f10 f   ctl3d32s:CTL3D.OBJ
 0001:00023250       _BtnPaint                  00424250 f   ctl3d32s:CTL3D.OBJ

 1279 bytes saved through ICF

