***** External Functions *****
1    AddFontRegistrationToLog                           isrt.obl(Misc.obs)
2    AppSearch                                          isrt.obl(Driver.obs)
3    AskDestPath                                        isrt.obl(ISRTScriptDialogs.obs)
4    AskYesNo                                           isrt.obl(ISRTScriptDialogsPriv.obs)
5    CCPSearch                                          isrt.obl(Driver.obs)
6    ChangeDirectory                                    isrt.obl(Files.obs)
7    CloseFile                                          isrt.obl(Files.obs)
8    CmdGetHwndDlg                                      isrt.obl(CustomDialog.obs)
9    ComponentAddFileToLog                              isrt.obl(component.obs)
10   ComponentCompareSizeRequired                       isrt.obl(component.obs)
11   ComponentGetData                                   isrt.obl(component.obs)
12   ComponentGetTotalCost                              isrt.obl(component.obs)
13   ComponentIsItemSelected                            isrt.obl(component.obs)
14   ComponentListItems                                 isrt.obl(component.obs)
15   ComponentSelectItem                                isrt.obl(component.obs)
16   ComponentTreeInit                                  isrt.obl(Dialogs.obs)
17   ConvertWinHighLowSizeToISHighLowSize               isrt.obl(Misc.obs)
18   CopyFile                                           isrt.obl(Files.obs)
19   CreateDir                                          isrt.obl(Files.obs)
20   CreateFile                                         isrt.obl(Files.obs)
21   CreateInstallationInfo                             isrt.obl(Registry.obs)
22   CreateRegistrySet                                  isrt.obl(Feature.obs)
23   CtrlGetDlgItem                                     isrt.obl(CustomDialog.obs)
24   CtrlGetNotificationCode                            isrt.obl(CustomDialog.obs)
25   CtrlGetState                                       isrt.obl(CustomDialog.obs)
26   CtrlGetText                                        isrt.obl(CustomDialog.obs)
27   CtrlSelectText                                     isrt.obl(CustomDialog.obs)
28   CtrlSetMLEText                                     isrt.obl(CustomDialog.obs)
29   CtrlSetState                                       isrt.obl(CustomDialog.obs)
30   CtrlSetText                                        isrt.obl(CustomDialog.obs)
31   DIFxDriverPackageUninstall                         isrt.obl(ISDIFx.obs)
32   DRMINSTALLERPRO.DRMInstallPRO                      isrt.obl(Activation.obs)
33   DRMINSTALLERPRO.DRMUnInstallPRO                    isrt.obl(Activation.obs)
34   DefineDialog                                       isrt.obl(CustomDialog.obs)
35   Delay                                              isrt.obl(Misc.obs)
36   DeleteDir                                          isrt.obl(Files.obs)
37   DeleteFile                                         isrt.obl(Files.obs)
38   DeleteSingleFile                                   isrt.obl(Files.obs)
39   DialogSetDefaultFont                               isrt.obl(Dialogs.obs)
40   DialogSetFont                                      isrt.obl(Dialogs.obs)
41   DialogSetInfo                                      isrt.obl(Dialogs.obs)
42   Disable                                            isrt.obl(Enable.obs)
43   DllSizeOf                                          isrt.obl(Str.obs)
44   Do                                                 isrt.obl(Misc.obs)
45   Enable                                             isrt.obl(Enable.obs)
46   EndCurrentDialog                                   isrt.obl(Dialogs.obs)
47   EndDialog                                          isrt.obl(CustomDialog.obs)
48   EnterDisk                                          isrt.obl(ISRTScriptDialogs.obs)
49   EnterDiskError                                     isrt.obl(ISRTScriptDialogs.obs)
50   EnterPassword                                      isrt.obl(ISRTScriptDialogs.obs)
51   ExistsDir                                          isrt.obl(Files.obs)
52   ExistsDisk                                         isrt.obl(Files.obs)
53   ExitInstall                                        isrt.obl(Driver.obs)
54   EzDefineDialog                                     isrt.obl(CustomDialog.obs)
55   FeatureAddFileToLog                                isrt.obl(Feature.obs)
56   FeatureCompareSizeRequired                         isrt.obl(Feature.obs)
57   FeatureConfigureFeaturesFromSuite                  isrt.obl(Feature.obs)
58   FeatureErrorInfo                                   isrt.obl(Feature.obs)
59   FeatureFilterLanguage                              isrt.obl(Feature.obs)
60   FeatureFilterOS                                    isrt.obl(Feature.obs)
61   FeatureGetData                                     isrt.obl(Feature.obs)
62   FeatureGetItemSize                                 isrt.obl(Feature.obs)
63   FeatureGetTotalCost                                isrt.obl(Feature.obs)
64   FeatureIsItemSelected                              isrt.obl(Feature.obs)
65   FeatureListItems                                   isrt.obl(Feature.obs)
66   FeaturePatch                                       isrt.obl(Feature.obs)
67   FeatureReinstall                                   isrt.obl(Feature.obs)
68   FeatureRemoveAllInLogOnly                          isrt.obl(Feature.obs)
69   FeatureRemoveAllInMedia                            isrt.obl(Feature.obs)
70   FeatureRemoveAllInMediaAndLog                      isrt.obl(Feature.obs)
71   FeatureSaveTarget                                  isrt.obl(Feature.obs)
72   FeatureSelectItem                                  isrt.obl(Feature.obs)
73   FeatureSelectNew                                   isrt.obl(Feature.obs)
74   FeatureSetTarget                                   isrt.obl(Feature.obs)
75   FeatureTransferData                                isrt.obl(Feature.obs)
76   FeatureUpdate                                      isrt.obl(Feature.obs)
77   FeatureValidate                                    isrt.obl(Feature.obs)
78   FileGrep                                           isrt.obl(Files.obs)
79   FileInsertLine                                     isrt.obl(Files.obs)
80   FinalConstruct                                     ifx.obl(EventsPriv.obs)
81   FinalRelease                                       ifx.obl(EventsPriv.obs)
82   FindAllDirs                                        isrt.obl(Files.obs)
83   FindAllFiles                                       isrt.obl(Files.obs)
84   FindFile                                           isrt.obl(Files.obs)
85   FormatMessage                                      isrt.obl(Misc.obs)
86   GDI32.AddFontResource                              ifx.obl(EventsPriv.obs)
87   GDI32.CreateRectRgn                                ifx.obl(EventsPriv.obs)
88   GDI32.GetDeviceCaps                                ifx.obl(EventsPriv.obs)
89   GDI32.RemoveFontResource                           ifx.obl(EventsPriv.obs)
90   GetAddRemove                                       isrt.obl(SysVars.obs)
91   GetAppDataFolder                                   isrt.obl(SysVars.obs)
92   GetBillboard                                       isrt.obl(SysVars.obs)
93   GetCmdLine                                         isrt.obl(SysVars.obs)
94   GetCurrentDialogName                               isrt.obl(Dialogs.obs)
95   GetCurrentDir                                      isrt.obl(Files.obs)
96   GetDialogTitle                                     isrt.obl(Dialogs.obs)
97   GetDir                                             isrt.obl(Str.obs)
98   GetDisk                                            isrt.obl(Str.obs)
99   GetDiskSpace                                       isrt.obl(GSI.obs)
100  GetDiskSpaceEx                                     isrt.obl(GSI.obs)
101  GetEnabledIServices                                isrt.obl(SysVars.obs)
102  GetErrorMsg                                        isrt.obl(Dialogs.obs)
103  GetErrorTitle                                      isrt.obl(Dialogs.obs)
104  GetExtents                                         isrt.obl(GSI.obs)
105  GetFileInfo                                        isrt.obl(Files.obs)
106  GetFolderApplications                              isrt.obl(SysVars.obs)
107  GetFolderApplications64                            isrt.obl(SysVars.obs)
108  GetFolderDotNet10                                  isrt.obl(SysVars.obs)
109  GetFolderDotNet11                                  isrt.obl(SysVars.obs)
110  GetFolderDotNet20                                  isrt.obl(SysVars.obs)
111  GetFolderFonts                                     isrt.obl(SysVars.obs)
112  GetISRes                                           isrt.obl(SysVars.obs)
113  GetInstallScriptMSI                                isrt.obl(SysVars.obs)
114  GetInstanceGUID                                    isrt.obl(SysVars.obs)
115  GetKeyPathWinCurrVerAuto                           isrt.obl(SysVars.obs)
116  GetLine                                            isrt.obl(Files.obs)
117  GetLog                                             isrt.obl(SysVars.obs)
118  GetLogEx                                           isrt.obl(SysVars.obs)
119  GetMaintOption                                     isrt.obl(SysVars.obs)
120  GetMaintenance                                     isrt.obl(SysVars.obs)
121  GetMultiInstanceCount                              isrt.obl(SysVars.obs)
122  GetOpenFileMode                                    isrt.obl(Files.obs)
123  GetPackageLocation                                 isrt.obl(SysVars.obs)
124  GetProductGUID                                     isrt.obl(SysVars.obs)
125  GetProfSectionKeyCount                             isrt.obl(Profile.obs)
126  GetProfString                                      isrt.obl(Profile.obs)
127  GetProfStringList                                  isrt.obl(Profile.obs)
128  GetProgramFiles                                    isrt.obl(SysVars.obs)
129  GetReinstallMode                                   isrt.obl(SysVars.obs)
130  GetRemoveAllMode                                   isrt.obl(SysVars.obs)
131  GetRemoveOnly                                      isrt.obl(SysVars.obs)
132  GetSelectedTreeComponent                           isrt.obl(CmptView.obs)
133  GetShowPasswordDialog                              isrt.obl(SysVars.obs)
134  GetStandardSelectedLanguage                        isrt.obl(SysVars.obs)
135  GetSuiteHosted                                     isrt.obl(SysVars.obs)
136  GetSupportDir                                      isrt.obl(SysVars.obs)
137  GetSystemInfo                                      isrt.obl(GSI.obs)
138  GetTempFolder                                      isrt.obl(SysVars.obs)
139  GetTrueTypeFontFileInfo                            isrt.obl(Misc.obs)
140  GetUserSelectableAuto                              isrt.obl(SysVars.obs)
141  GetValidDrivesList                                 isrt.obl(GSI.obs)
142  GetWinDir                                          isrt.obl(SysVars.obs)
143  GetWinDisk                                         isrt.obl(SysVars.obs)
144  GetWinSysDir                                       isrt.obl(SysVars.obs)
145  GetWindowHandle                                    isrt.obl(Misc.obs)
146  HIWORD                                             isrt.obl(Misc.obs)
147  ISDeterminePlatform                                isrt.obl(OsInfo.obs)
148  ISMIF32.InstallStatusMIF                           isrt.obl(MIF.obs)
149  ISRT.ComponentViewSetInfoEx                        isrt.obl(Dialogs.obs)
150  ISRT.EnableHourGlass                               isrt.obl(Enable.obs)
151  ISRT.GetCPUType                                    isrt.obl(GSI.obs)
152  ISRT.GetFontSub                                    isrt.obl(Dialogs.obs)
153  ISRT.GetHandle                                     SETUP.obs
154  ISRT.GetPorts                                      isrt.obl(GSI.obs)
155  ISRT.IsEmpty                                       SETUP.obs
156  ISRT.IsNTAdmin                                     isrt.obl(Is.obs)
157  ISRT.IsObject                                      SETUP.obs
158  ISRT.IsPowerUser                                   isrt.obl(Is.obs)
159  ISRT.LangLoadString                                isrt.obl(SDINT.obs)
160  ISRT.MessageBeepP                                  SETUP.obs
161  ISRT.PathGetDir                                    isrt.obl(Str.obs)
162  ISRT.PathGetDrive                                  isrt.obl(Str.obs)
163  ISRT.PathGetFile                                   isrt.obl(Files.obs)
164  ISRT.PathGetFileExt                                isrt.obl(Str.obs)
165  ISRT.PathGetFileName                               isrt.obl(Str.obs)
166  ISRT.PathGetLongFromShort                          isrt.obl(Str.obs)
167  ISRT.PathGetPath                                   isrt.obl(Str.obs)
168  ISRT.PathIsValidSyntax                             isrt.obl(Is.obs)
169  ISRT.VerGetFileVersion                             SETUP.obs
170  ISRT._AppSearch                                    SETUP.obs
171  ISRT._BrowseForFolder                              isrt.obl(ISRTScriptDialogsPriv.obs)
172  ISRT._CCPSearch                                    SETUP.obs
173  ISRT._CleanupInet                                  isrt.obl(MIO.obs)
174  ISRT._CloseFile                                    isrt.obl(Files.obs)
175  ISRT._CmdGetHwndDlg                                isrt.obl(CustomDialog.obs)
176  ISRT._CompareDWORD                                 isrt.obl(Extend.obs)
177  ISRT._ComponentCompareSizeRequired                 isrt.obl(Feature.obs)
178  ISRT._ComponentErrorInfo                           isrt.obl(Feature.obs)
179  ISRT._ComponentFilterLanguage                      isrt.obl(Feature.obs)
180  ISRT._ComponentFilterOS                            isrt.obl(Feature.obs)
181  ISRT._ComponentGetData                             isrt.obl(Feature.obs)
182  ISRT._ComponentGetItemSize                         isrt.obl(Feature.obs)
183  ISRT._ComponentGetTotalCost                        isrt.obl(Feature.obs)
184  ISRT._ComponentGetTotalCostEx                      isrt.obl(Batch.obs)
185  ISRT._ComponentIsItemSelected                      isrt.obl(Feature.obs)
186  ISRT._ComponentListItems                           isrt.obl(Feature.obs)
187  ISRT._ComponentPatch                               isrt.obl(Feature.obs)
188  ISRT._ComponentReinstall                           isrt.obl(Feature.obs)
189  ISRT._ComponentRemoveAll                           isrt.obl(Feature.obs)
190  ISRT._ComponentRemoveAllInLogOnly                  isrt.obl(Feature.obs)
191  ISRT._ComponentSaveTarget                          isrt.obl(Feature.obs)
192  ISRT._ComponentSelectItem                          isrt.obl(Feature.obs)
193  ISRT._ComponentSelectNew                           isrt.obl(Feature.obs)
194  ISRT._ComponentTransferData                        isrt.obl(Feature.obs)
195  ISRT._ComponentUpdate                              isrt.obl(Feature.obs)
196  ISRT._ComponentValidate                            isrt.obl(Feature.obs)
197  ISRT._CreateDir                                    isrt.obl(Files.obs)
198  ISRT._CreateRegistrySet                            isrt.obl(Feature.obs)
199  ISRT._CtrlGetNotificationCode                      isrt.obl(CustomDialog.obs)
200  ISRT._CtrlSetHtmlContent                           isrt.obl(CustomDialog.obs)
201  ISRT._CtrlSetMLERichText                           isrt.obl(CustomDialog.obs)
202  ISRT._DIFxDriverPackageUninstall                   isrt.obl(ISDIFx.obs)
203  ISRT._DefineDialog                                 isrt.obl(CustomDialog.obs)
204  ISRT._DialogSetFont                                isrt.obl(Dialogs.obs)
205  ISRT._DisableStatus                                isrt.obl(Enable.obs)
206  ISRT._DoSprintf                                    isrt.obl(ISRTScriptDialogsPriv.obs)
207  ISRT._EnableDialogCache                            isrt.obl(Enable.obs)
208  ISRT._EnablePrevDialog                             SETUP.obs
209  ISRT._EnableSkins                                  isrt.obl(Enable.obs)
210  ISRT._EnableStatus                                 isrt.obl(Enable.obs)
211  ISRT._EnableWow64FsRedirection                     isrt.obl(Enable.obs)
212  ISRT._EndDialog                                    isrt.obl(CustomDialog.obs)
213  ISRT._ExistsDir                                    isrt.obl(Files.obs)
214  ISRT._ExistsDisk                                   isrt.obl(Files.obs)
215  ISRT._ExistsFile                                   isrt.obl(Files.obs)
216  ISRT._ExitInstall                                  SETUP.obs
217  ISRT._FileCopy                                     isrt.obl(Files.obs)
218  ISRT._GenerateFileMD5SignatureHex                  isrt.obl(Files.obs)
219  ISRT._GetCurrentDialogName                         isrt.obl(Dialogs.obs)
220  ISRT._GetDiskSpaceEx                               isrt.obl(GSI.obs)
221  ISRT._GetDiskSpaceExEx                             isrt.obl(Batch.obs)
222  ISRT._GetGlobalFlags                               ifx.obl(EventsPriv.obs)
223  ISRT._GetGlobalMemorySize                          isrt.obl(GSI.obs)
224  ISRT._GetInetFileSize                              isrt.obl(Files.obs)
225  ISRT._GetInetFileTime                              isrt.obl(Files.obs)
226  ISRT._GetLine                                      isrt.obl(Files.obs)
227  ISRT._GetLineSize                                  isrt.obl(Files.obs)
228  ISRT._GetProcessorInfo                             isrt.obl(OsInfo.obs)
229  ISRT._GetRunningChildProcessEx2                    isrt.obl(Extend.obs)
230  ISRT._GetSelectedTreeComponent                     isrt.obl(CmptView.obs)
231  ISRT._GetStandardLangId                            isrt.obl(Misc.obs)
232  ISRT._GetSupportDir                                isrt.obl(SysVars.obs)
233  ISRT._GetSystemDpi                                 isrt.obl(GSI.obs)
234  ISRT._GetTrueTypeFontFileInfo                      isrt.obl(Misc.obs)
235  ISRT._GetVirtualMachineType                        isrt.obl(GSI.obs)
236  ISRT._InetEndofTransfer                            isrt.obl(iftw.obs)
237  ISRT._InetGetNextDisk                              isrt.obl(iftw.obs)
238  ISRT._InitInstall                                  SETUP.obs
239  ISRT._IsFontTypefaceNameAvailable                  isrt.obl(Is.obs)
240  ISRT._IsInAdminGroup                               isrt.obl(Is.obs)
241  ISRT._IsLangSupported                              isrt.obl(Is.obs)
242  ISRT._IsSkinLoaded                                 isrt.obl(Is.obs)
243  ISRT._IsVirtualMachine                             isrt.obl(OsInfo.obs)
244  ISRT._IsWindowsME                                  isrt.obl(GSI.obs)
245  ISRT._IsWow64                                      isrt.obl(OsInfo.obs)
246  ISRT._ListAddItem                                  isrt.obl(scrlist.obs)
247  ISRT._ListAddString                                isrt.obl(scrlist.obs)
248  ISRT._ListCount                                    isrt.obl(scrlist.obs)
249  ISRT._ListCreate                                   isrt.obl(scrlist.obs)
250  ISRT._ListCurrentString                            isrt.obl(scrlist.obs)
251  ISRT._ListDeleteItem                               isrt.obl(scrlist.obs)
252  ISRT._ListDeleteString                             isrt.obl(scrlist.obs)
253  ISRT._ListDestroy                                  isrt.obl(scrlist.obs)
254  ISRT._ListFindString                               isrt.obl(scrlist.obs)
255  ISRT._ListGetFirstItem                             isrt.obl(scrlist.obs)
256  ISRT._ListGetFirstString                           isrt.obl(scrlist.obs)
257  ISRT._ListGetNextItem                              isrt.obl(scrlist.obs)
258  ISRT._ListGetNextString                            isrt.obl(scrlist.obs)
259  ISRT._ListGetType                                  isrt.obl(scrlist.obs)
260  ISRT._ListReadFromFile                             isrt.obl(scrlist.obs)
261  ISRT._ListSetIndex                                 isrt.obl(scrlist.obs)
262  ISRT._ListWriteToFile                              isrt.obl(scrlist.obs)
263  ISRT._MediaGetFilteringInfo                        isrt.obl(Feature.obs)
264  ISRT._MediaGetInfo                                 isrt.obl(Feature.obs)
265  ISRT._OnUninstPriv                                 SETUP.obs
266  ISRT._OpenFile                                     isrt.obl(Files.obs)
267  ISRT._Preprogram                                   SETUP.obs
268  ISRT._Rebooted                                     SETUP.obs
269  ISRT._RegCreateKey                                 isrt.obl(Registry.obs)
270  ISRT._RegDeleteValue                               isrt.obl(Registry.obs)
271  ISRT._RegEnableTextSubs                            isrt.obl(Enable.obs)
272  ISRT._RegEnum                                      isrt.obl(Registry.obs)
273  ISRT._RegGetOptions                                isrt.obl(SysVars.obs)
274  ISRT._RegIsRemoteRegConnected                      isrt.obl(Is.obs)
275  ISRT._RegQueryKeyBinaryValue                       isrt.obl(Registry.obs)
276  ISRT._RegQueryKeyValue                             isrt.obl(Registry.obs)
277  ISRT._RegSetKeyBinaryValue                         isrt.obl(Registry.obs)
278  ISRT._RegSetKeyValue                               isrt.obl(Registry.obs)
279  ISRT._RegSetOptions                                isrt.obl(SysVars.obs)
280  ISRT._ReleaseDialog                                isrt.obl(CustomDialog.obs)
281  ISRT._SdShowMsg                                    isrt.obl(ISRTScriptDialogsPriv.obs)
282  ISRT._SetAltMainImage                              isrt.obl(Dialogs.obs)
283  ISRT._SetAltMainImageEx                            isrt.obl(Dialogs.obs)
284  ISRT._SetDisplayEffect                             isrt.obl(ui.obs)
285  ISRT._SetDllDirectory                              isrt.obl(Enable.obs)
286  ISRT._SetGlobalFlags                               ifx.obl(EventsPriv.obs)
287  ISRT._SetPaletteFile                               isrt.obl(MIO.obs)
288  ISRT._SetSilentSdShowMsg                           isrt.obl(Enable.obs)
289  ISRT._SetTitle                                     isrt.obl(ui.obs)
290  ISRT._SetupInet                                    isrt.obl(MIO.obs)
291  ISRT._SetupTraceWrite                              isrt.obl(Misc.obs)
292  ISRT._ShowObjWizardPages                           isrt.obl(Objects.obs)
293  ISRT._ShowWizardPages                              SETUP.obs
294  ISRT._StatusUpdate                                 isrt.obl(ui.obs)
295  ISRT._TreeViewCreate                               isrt.obl(CmptView.obs)
296  ISRT._WaitOnDialog                                 isrt.obl(CustomDialog.obs)
297  ISRT._WriteLine                                    isrt.obl(Files.obs)
298  ISRT.__CreateObjectContext                         isrt.obl(ISRTInit.obs)
299  ISRT.__GetCmdLineOptions                           isrt.obl(ISRTInit.obs)
300  ISRT.__GetContextGUID                              isrt.obl(ISRTInit.obs)
301  ISRT.__GetEnabledIServices                         isrt.obl(SysVars.obs)
302  ISRT.__GetFileRegistrar                            isrt.obl(ISRTInit.obs)
303  ISRT.__GetInfo                                     isrt.obl(ISRTInit.obs)
304  ISRT.__GetInstallGuid                              isrt.obl(SysVars.obs)
305  ISRT.__GetLog                                      isrt.obl(SysVars.obs)
306  ISRT.__GetLogDB                                    isrt.obl(ISRTInit.obs)
307  ISRT.__GetLogEx                                    isrt.obl(SysVars.obs)
308  ISRT.__GetMainWindow                               SETUP.obs
309  ISRT.__GetMaintOption                              isrt.obl(SysVars.obs)
310  ISRT.__GetMaintenanceMode                          isrt.obl(SysVars.obs)
311  ISRT.__GetObjects                                  isrt.obl(ISRTInit.obs)
312  ISRT.__GetProductGuid                              isrt.obl(SysVars.obs)
313  ISRT.__GetProgress                                 SETUP.obs
314  ISRT.__GetReboot                                   isrt.obl(ISRTInit.obs)
315  ISRT.__GetReinstallMode                            isrt.obl(SysVars.obs)
316  ISRT.__GetRemoveAllMode                            isrt.obl(SysVars.obs)
317  ISRT.__GetTextSub                                  isrt.obl(ISRTInit.obs)
318  ISRT.__GetUpdateMode                               isrt.obl(SysVars.obs)
319  ISRT.__GetUser                                     isrt.obl(MIO.obs)
320  ISRT.__ISRTGetPropertyBag                          ifx.obl(PersistPropertyBag.obs)
321  ISRT.__ISRTReleasePropertyBag                      ifx.obl(PersistPropertyBag.obs)
322  ISRT.__LoadString                                  isrt.obl(LoadStr.obs)
323  ISRT.__PutEnabledIServices                         isrt.obl(Enable.obs)
324  ISRT.__ReleaseObjectContext                        isrt.obl(ISRTInit.obs)
325  ISRT.__RestoreMainLog                              isrt.obl(ISRTInit.obs)
326  ISRT.__RestoreMainLogEx                            isrt.obl(ISRTInit.obs)
327  ISRT.__SetComponentLog                             isrt.obl(ISRTInit.obs)
328  ISRT.__SetUpdateMode                               isrt.obl(SysVars.obs)
329  ISRTHandleScriptException                          isrt.obl(Misc.obs)
330  ISRTOnUninstPriv                                   isrt.obl(Driver.obs)
331  ISRTPreprogram                                     isrt.obl(Driver.obs)
332  IfxFilterComponents                                ifx.obl(EventsSetupPriv.obs)
333  IfxFinalConstruct                                  ifx.obl(EventsSetupPriv.obs)
334  IfxFinalRelease                                    ifx.obl(EventsSetupPriv.obs)
335  IfxInitProperties                                  ifx.obl(PersistPropertyBag.obs)
336  IfxOnAbortInstall                                  ifx.obl(EventsPriv.obs)
337  IfxOnAppSearch                                     ifx.obl(EventsPriv.obs)
338  IfxOnCCPSearch                                     ifx.obl(EventsPriv.obs)
339  IfxOnCanceling                                     ifx.obl(EventsPriv.obs)
340  IfxOnDisk1Installed                                ifx.obl(EventsSetupPriv.obs)
341  IfxOnDisk1Installing                               ifx.obl(EventsSetupPriv.obs)
342  IfxOnExitInstall                                   ifx.obl(EventsSetupPriv.obs)
343  IfxOnFileError                                     ifx.obl(EventsSetupPriv.obs)
344  IfxOnFileLocked                                    ifx.obl(EventsSetupPriv.obs)
345  IfxOnFileReadOnly                                  ifx.obl(EventsSetupPriv.obs)
346  IfxOnGeneralScriptOp                               ifx.obl(EventsPriv.obs)
347  IfxOnHelp                                          ifx.obl(EventsPriv.obs)
348  IfxOnInitInstall                                   ifx.obl(EventsSetupPriv.obs)
349  IfxOnInternetError                                 ifx.obl(EventsSetupPriv.obs)
350  IfxOnMD5Error                                      ifx.obl(EventsSetupPriv.obs)
351  IfxOnNextDisk                                      ifx.obl(EventsSetupPriv.obs)
352  IfxOnRebooted                                      ifx.obl(EventsPriv.obs)
353  IfxOnRemovingSharedFile                            ifx.obl(EventsSetupPriv.obs)
354  IfxOnShowWizardPages                               ifx.obl(EventsSetupPriv.obs)
355  IfxOnTransferred                                   ifx.obl(EventsPriv.obs)
356  IfxOnTransferring                                  ifx.obl(EventsSetupPriv.obs)
357  IfxOnUnhandledException                            ifx.obl(EventsPriv.obs)
358  IfxOnUninst                                        ifx.obl(EventsSetupPriv.obs)
359  IfxOnUninstPriv                                    ifx.obl(EventsSetupPriv.obs)
360  IfxPostprogram                                     ifx.obl(EventsSetupPriv.obs)
361  IfxPreprogram                                      ifx.obl(EventsSetupPriv.obs)
362  IfxReadProperties                                  ifx.obl(PersistPropertyBag.obs)
363  IfxRunAfterReboot                                  ifx.obl(EventsSetupPriv.obs)
364  IfxWriteProperties                                 ifx.obl(PersistPropertyBag.obs)
365  InetEndofTransfer                                  isrt.obl(iftw.obs)
366  InetNextDisk                                       isrt.obl(iftw.obs)
367  InitInstall                                        isrt.obl(Driver.obs)
368  InitProperties                                     ifx.obl(PersistPropertyBag.obs)
369  Is                                                 isrt.obl(Is.obs)
370  IsInetInstall                                      isrt.obl(iftw.obs)
371  KERNEL.GetModuleHandle                             SETUP.obs
372  KERNEL32.CloseHandle                               ifx.obl(EventsPriv.obs)
373  KERNEL32.CreateFileW                               ifx.obl(EventsPriv.obs)
374  KERNEL32.CreateProcess                             ifx.obl(EventsPriv.obs)
375  KERNEL32.DeleteFileW                               ifx.obl(EventsPriv.obs)
376  KERNEL32.FileTimeToLocalFileTime                   ifx.obl(EventsPriv.obs)
377  KERNEL32.FileTimeToSystemTime                      ifx.obl(EventsPriv.obs)
378  KERNEL32.FindClose                                 ifx.obl(EventsPriv.obs)
379  KERNEL32.FindFirstFileW                            ifx.obl(EventsPriv.obs)
380  KERNEL32.FindNextFileW                             ifx.obl(EventsPriv.obs)
381  KERNEL32.FormatMessageW                            ifx.obl(EventsPriv.obs)
382  KERNEL32.FreeLibrary                               ifx.obl(EventsPriv.obs)
383  KERNEL32.GetCurrentDirectoryW                      ifx.obl(EventsPriv.obs)
384  KERNEL32.GetDriveType                              ifx.obl(EventsPriv.obs)
385  KERNEL32.GetExitCodeProcess                        ifx.obl(EventsPriv.obs)
386  KERNEL32.GetFileAttributesW                        ifx.obl(EventsPriv.obs)
387  KERNEL32.GetFileTime                               ifx.obl(EventsPriv.obs)
388  KERNEL32.GetLocalTime                              ifx.obl(EventsPriv.obs)
389  KERNEL32.GetLocaleInfo                             ifx.obl(EventsPriv.obs)
390  KERNEL32.GetPrivateProfileSectionW                 ifx.obl(EventsPriv.obs)
391  KERNEL32.GetPrivateProfileString                   ifx.obl(EventsPriv.obs)
392  KERNEL32.GetPrivateProfileStringW                  ifx.obl(EventsPriv.obs)
393  KERNEL32.GetProcAddress                            ifx.obl(EventsPriv.obs)
394  KERNEL32.GetProcessId                              ifx.obl(EventsPriv.obs)
395  KERNEL32.GetProfileStringW                         ifx.obl(EventsPriv.obs)
396  KERNEL32.GetShortPathNameW                         ifx.obl(EventsPriv.obs)
397  KERNEL32.GetSystemDefaultLCID                      ifx.obl(EventsPriv.obs)
398  KERNEL32.GetSystemDefaultLangID                    ifx.obl(EventsPriv.obs)
399  KERNEL32.GetSystemDefaultUILanguage                ifx.obl(EventsPriv.obs)
400  KERNEL32.GetTickCount                              ifx.obl(EventsPriv.obs)
401  KERNEL32.GetUserDefaultLangID                      ifx.obl(EventsPriv.obs)
402  KERNEL32.GetVersion                                ifx.obl(EventsPriv.obs)
403  KERNEL32.GetVersionEx                              ifx.obl(EventsPriv.obs)
404  KERNEL32.GetVolumeInformation                      ifx.obl(EventsPriv.obs)
405  KERNEL32.GetWindowsDirectory                       ifx.obl(EventsPriv.obs)
406  KERNEL32.LoadLibraryW                              ifx.obl(EventsPriv.obs)
407  KERNEL32.LocalFileTimeToFileTime                   ifx.obl(EventsPriv.obs)
408  KERNEL32.MoveFileW                                 ifx.obl(EventsPriv.obs)
409  KERNEL32.RemoveDirectoryW                          ifx.obl(EventsPriv.obs)
410  KERNEL32.SetCurrentDirectoryW                      ifx.obl(EventsPriv.obs)
411  KERNEL32.SetFileAttributesW                        ifx.obl(EventsPriv.obs)
412  KERNEL32.SetFileTime                               ifx.obl(EventsPriv.obs)
413  KERNEL32.Sleep                                     ifx.obl(EventsPriv.obs)
414  KERNEL32.SystemTimeToFileTime                      ifx.obl(EventsPriv.obs)
415  KERNEL32.WritePrivateProfileString                 ifx.obl(EventsPriv.obs)
416  KERNEL32.WritePrivateProfileStringW                ifx.obl(EventsPriv.obs)
417  KERNEL32.WriteProfileStringW                       ifx.obl(EventsPriv.obs)
418  KERNEL32.lstrlenW                                  ifx.obl(EventsPriv.obs)
419  LOWORD                                             isrt.obl(Misc.obs)
420  LaunchAppAndWait                                   isrt.obl(Extend.obs)
421  LaunchAppAndWaitInitStartupInfo                    isrt.obl(Extend.obs)
422  LaunchApplication                                  isrt.obl(Extend.obs)
423  LaunchApplicationInit                              isrt.obl(Extend.obs)
424  ListAddItem                                        isrt.obl(scrlist.obs)
425  ListAddString                                      isrt.obl(scrlist.obs)
426  ListCount                                          isrt.obl(scrlist.obs)
427  ListCreate                                         isrt.obl(scrlist.obs)
428  ListCurrentString                                  isrt.obl(scrlist.obs)
429  ListDeleteItem                                     isrt.obl(scrlist.obs)
430  ListDeleteString                                   isrt.obl(scrlist.obs)
431  ListDestroy                                        isrt.obl(scrlist.obs)
432  ListFindString                                     isrt.obl(scrlist.obs)
433  ListGetFirstItem                                   isrt.obl(scrlist.obs)
434  ListGetFirstString                                 isrt.obl(scrlist.obs)
435  ListGetNextItem                                    isrt.obl(scrlist.obs)
436  ListGetNextString                                  isrt.obl(scrlist.obs)
437  ListGetType                                        isrt.obl(scrlist.obs)
438  ListReadFromFile                                   isrt.obl(scrlist.obs)
439  ListSetIndex                                       isrt.obl(scrlist.obs)
440  ListValid                                          isrt.obl(scrlist.obs)
441  ListValidType                                      isrt.obl(scrlist.obs)
442  ListWriteToFile                                    isrt.obl(scrlist.obs)
443  ListWriteToFileEx                                  isrt.obl(scrlist.obs)
444  LoadStringFromStringTable                          isrt.obl(Str.obs)
445  LogReadCustomString                                isrt.obl(Misc.obs)
446  LogReadCustomVariant                               isrt.obl(Misc.obs)
447  LogWriteCustomString                               isrt.obl(Misc.obs)
448  LogWriteCustomVariant                              isrt.obl(Misc.obs)
449  LongPathFromShortPath                              isrt.obl(Str.obs)
450  LongPathToQuote                                    isrt.obl(Str.obs)
451  LongPathToShortPath                                isrt.obl(Str.obs)
452  MAKELONG                                           isrt.obl(Misc.obs)
453  MIFCreateMIFFile                                   isrt.obl(MIF.obs)
454  MIFDeleteMIFFile                                   isrt.obl(MIF.obs)
455  MIFInitialize                                      isrt.obl(MIF.obs)
456  MIFSetInformation                                  isrt.obl(MIF.obs)
457  MIFUnInitialize                                    isrt.obl(MIF.obs)
458  MIFWasSetInformationCalled                         isrt.obl(MIF.obs)
459  MIOShutdown                                        isrt.obl(MIO.obs)
460  MIOStartup                                         isrt.obl(MIO.obs)
461  MaintenanceStart                                   isrt.obl(Registry.obs)
462  MediaGetData                                       isrt.obl(Feature.obs)
463  MediaGetDataEx                                     isrt.obl(Feature.obs)
464  MessageBeep                                        isrt.obl(Misc.obs)
465  MessageBox                                         isrt.obl(ISRTScriptDialogsPriv.obs)
466  MessageBoxEx                                       isrt.obl(ISRTScriptDialogsPriv.obs)
467  OnAbort                                            ifx.obl(EventsSetup.obs)
468  OnAppSearch                                        ifx.obl(EventsSetup.obs)
469  OnBegin                                            SETUP.obs
470  OnCCPSearch                                        ifx.obl(EventsSetup.obs)
471  OnCanceling                                        ifx.obl(EventsSetup.obs)
472  OnCheckMediaPassword                               ifx.obl(EventsSetup.obs)
473  OnComponentError                                   ifx.obl(EventsSetup.obs)
474  OnCustomizeUninstInfo                              ifx.obl(EventsSetup.obs)
475  OnDIFxLogCallback                                  ifx.obl(EventsSetup.obs)
476  OnDIFxLogCallbackImpl                              isrt.obl(ISDIFx.obs)
477  OnEnd                                              SETUP.obs
478  OnFileError                                        ifx.obl(EventsSetup.obs)
479  OnFileLocked                                       SETUP.obs
480  OnFileReadOnly                                     ifx.obl(EventsSetup.obs)
481  OnFilterComponents                                 ifx.obl(EventsSetup.obs)
482  OnFirstUIAfter                                     SETUP.obs
483  OnFirstUIBefore                                    SETUP.obs
484  OnHelp                                             ifx.obl(EventsSetup.obs)
485  OnIISAppPoolUninstalling                           ifx.obl(EventsPriv.obs)
486  OnIISCheckRequirements                             ifx.obl(EventsPriv.obs)
487  OnIISComponentInstalled                            ifx.obl(EventsPriv.obs)
488  OnIISInitialize                                    ifx.obl(EventsPriv.obs)
489  OnIISUninitialize                                  ifx.obl(EventsPriv.obs)
490  OnIISVRootUninstalling                             ifx.obl(EventsPriv.obs)
491  OnIISWebServiceExtensionUninstalling               ifx.obl(EventsPriv.obs)
492  OnIISWebSiteUninstalling                           ifx.obl(EventsPriv.obs)
493  OnInstallDRMService                                isrt.obl(Activation.obs)
494  OnInstalledFile                                    ifx.obl(EventsSetup.obs)
495  OnInstalledFontFile                                ifx.obl(EventsSetup.obs)
496  OnInstallingFile                                   SETUP.obs
497  OnInternetError                                    ifx.obl(EventsSetup.obs)
498  OnLaunchAppAndWaitCallback                         ifx.obl(EventsSetup.obs)
499  OnMD5Error                                         ifx.obl(EventsSetup.obs)
500  OnMaintUIAfter                                     ifx.obl(EventsSetup.obs)
501  OnMaintUIBefore                                    ifx.obl(EventsSetup.obs)
502  OnMoveData                                         SETUP.obs
503  OnMoved                                            ifx.obl(EventsSetup.obs)
504  OnMoving                                           ifx.obl(EventsSetup.obs)
505  OnNetApiCreateUserAccount                          ifx.obl(EventsSetup.obs)
506  OnNetApiCreateUserAccountInternal                  isrt.obl(NetApiRT.obs)
507  OnNextDisk                                         ifx.obl(EventsSetup.obs)
508  OnRebooted                                         ifx.obl(EventsSetup.obs)
509  OnRemovingSharedFile                               ifx.obl(EventsSetup.obs)
510  OnSQLBatchScripts                                  ifx.obl(EventsPriv.obs)
511  OnSQLComponentInstalled                            ifx.obl(EventsPriv.obs)
512  OnSQLComponentUninstalled                          ifx.obl(EventsPriv.obs)
513  OnSQLServerInitialize                              ifx.obl(EventsPriv.obs)
514  OnSQLServerInitializeMaint                         ifx.obl(EventsPriv.obs)
515  OnSelfRegistrationError                            ifx.obl(EventsSetup.obs)
516  OnSetTARGETDIR                                     ifx.obl(EventsSetup.obs)
517  OnSetUpdateMode                                    ifx.obl(EventsSetup.obs)
518  OnShowUI                                           ifx.obl(EventsSetup.obs)
519  OnSuiteInstallAfter                                ifx.obl(EventsSetup.obs)
520  OnSuiteInstallBefore                               ifx.obl(EventsSetup.obs)
521  OnSuiteMaintAfter                                  ifx.obl(EventsSetup.obs)
522  OnSuiteMaintBefore                                 ifx.obl(EventsSetup.obs)
523  OnSuiteShowUI                                      ifx.obl(EventsSetup.obs)
524  OnSuiteUpdateAfter                                 ifx.obl(EventsSetup.obs)
525  OnSuiteUpdateBefore                                ifx.obl(EventsSetup.obs)
526  OnUnInstallDRMService                              isrt.obl(Activation.obs)
527  OnUnhandledException                               ifx.obl(EventsPriv.obs)
528  OnUninstall                                        ifx.obl(EventsSetup.obs)
529  OnUninstalledFile                                  ifx.obl(EventsSetup.obs)
530  OnUninstallingDIFxDriverFile                       ifx.obl(EventsSetup.obs)
531  OnUninstallingFile                                 ifx.obl(EventsSetup.obs)
532  OnUninstallingFontFile                             ifx.obl(EventsSetup.obs)
533  OnUpdateUIAfter                                    ifx.obl(EventsSetup.obs)
534  OnUpdateUIBefore                                   ifx.obl(EventsSetup.obs)
535  OnXMLComponentInstalled                            ifx.obl(EventsPriv.obs)
536  OnXMLComponentUninstalling                         ifx.obl(EventsPriv.obs)
537  OnXMLInitialize                                    ifx.obl(EventsPriv.obs)
538  OnXMLUninitialize                                  ifx.obl(EventsPriv.obs)
539  OpenFile                                           isrt.obl(Files.obs)
540  OpenFileMode                                       isrt.obl(Files.obs)
541  ParsePath                                          isrt.obl(Str.obs)
542  Postprogram                                        ifx.obl(EventsSetupPriv.obs)
543  Preprogram                                         ifx.obl(EventsSetupPriv.obs)
544  PthFixPath                                         isrt.obl(Pth.obs)
545  PthIsAbsPath                                       isrt.obl(Pth.obs)
546  PthIsRoot                                          isrt.obl(Pth.obs)
547  ReadProperties                                     ifx.obl(PersistPropertyBag.obs)
548  Rebooted                                           isrt.obl(Driver.obs)
549  RegDBDeleteItem                                    isrt.obl(Registry.obs)
550  RegDBDeleteValue                                   isrt.obl(Registry.obs)
551  RegDBDeleteValueEx                                 isrt.obl(Registry.obs)
552  RegDBDeleteValueEx32                               isrt.obl(Registry.obs)
553  RegDBGetDefaultRoot                                isrt.obl(SysVars.obs)
554  RegDBGetItem                                       isrt.obl(Registry.obs)
555  RegDBGetKeyValueEx                                 isrt.obl(Registry.obs)
556  RegDBQueryKey                                      isrt.obl(Registry.obs)
557  RegDBQueryKeyCount                                 isrt.obl(Registry.obs)
558  RegDBQueryStringMultiStringCount                   isrt.obl(Registry.obs)
559  RegDBQueryValue                                    isrt.obl(Registry.obs)
560  RegDBQueryValue32                                  isrt.obl(Registry.obs)
561  RegDBSetDefaultRoot                                isrt.obl(SysVars.obs)
562  RegDBSetItem                                       isrt.obl(Registry.obs)
563  RegDBSetKeyValueEx                                 isrt.obl(Registry.obs)
564  RegDBSetValue                                      isrt.obl(Registry.obs)
565  RegDBSetValue32                                    isrt.obl(Registry.obs)
566  RegDBSetVersion                                    isrt.obl(Registry.obs)
567  RegisterFontResource                               isrt.obl(Misc.obs)
568  ReleaseDialog                                      isrt.obl(CustomDialog.obs)
569  RenameFile                                         isrt.obl(Files.obs)
570  SdCloseDlg                                         isrt.obl(SDINT.obs)
571  SdComponentDlgCheckSpace                           isrt.obl(SDINT.obs)
572  SdDlgToTop                                         isrt.obl(SDINT.obs)
573  SdDoStdButton                                      isrt.obl(SDINT.obs)
574  SdEnablement                                       isrt.obl(SDINT.obs)
575  SdError                                            isrt.obl(SDINT.obs)
576  SdExceptionsInit                                   isrt.obl(ISRTScriptDialogsPriv.obs)
577  SdFeatureTree                                      isrt.obl(ISRTScriptDialogs.obs)
578  SdFinish                                           isrt.obl(ISRTScriptDialogs.obs)
579  SdFinishReboot                                     isrt.obl(ISRTScriptDialogs.obs)
580  SdGeneralInit                                      isrt.obl(SDINT.obs)
581  SdInit                                             isrt.obl(SDINT.obs)
582  SdIsStdButton                                      isrt.obl(SDINT.obs)
583  SdLoadString                                       isrt.obl(SDINT.obs)
584  SdMakeName                                         isrt.obl(SDINT.obs)
585  SdPlugInProductName                                isrt.obl(SDINT.obs)
586  SdProductName                                      isrt.obl(ISRTScriptDialogsPriv.obs)
587  SdSetDlgTitle                                      isrt.obl(SDINT.obs)
588  SdSetStatic                                        isrt.obl(SDINT.obs)
589  SdShowInfoList                                     isrt.obl(ISRTScriptDialogs.obs)
590  SdShowMsg                                          isrt.obl(ISRTScriptDialogsPriv.obs)
591  SdSubstituteProductInfo                            isrt.obl(SDINT.obs)
592  SdUnInit                                           isrt.obl(SDINT.obs)
593  SdWelcome                                          isrt.obl(ISRTScriptDialogs.obs)
594  SdWelcomeMaint                                     isrt.obl(ISRTScriptDialogs.obs)
595  SelectDir                                          isrt.obl(ISRTScriptDialogsPriv.obs)
596  SelectDirNoLog                                     isrt.obl(ISRTScriptDialogsPriv.obs)
597  SendMessage                                        isrt.obl(Misc.obs)
598  ServiceInitParams                                  isrt.obl(Service.obs)
599  SetCmdLine                                         isrt.obl(SysVars.obs)
600  SetDialogTitle                                     isrt.obl(Dialogs.obs)
601  SetDisplayEffect                                   isrt.obl(ui.obs)
602  SetExtendedErrInfo                                 isrt.obl(IsUtil.obs)
603  SetFileInfo                                        isrt.obl(Files.obs)
604  SetStatus                                          ifx.obl(EventsSetupPriv.obs)
605  SetStatusEx                                        ifx.obl(EventsSetupPriv.obs)
606  SetStatusExStaticText                              isrt.obl(ui.obs)
607  SetStatusWindow                                    isrt.obl(ui.obs)
608  SetTitle                                           isrt.obl(ui.obs)
609  SetupTraceWrite                                    isrt.obl(Misc.obs)
610  Shell32.ShellExecuteExW                            ifx.obl(EventsPriv.obs)
611  ShowObjWizardPages                                 isrt.obl(Objects.obs)
612  ShowWizardPages                                    isrt.obl(Driver.obs)
613  SilentCreateFile                                   isrt.obl(Silent.obs)
614  SilentDoGeneralInfo                                isrt.obl(Silent.obs)
615  SilentFailed                                       isrt.obl(Silent.obs)
616  SilentFinish                                       isrt.obl(Silent.obs)
617  SilentInit                                         isrt.obl(Silent.obs)
618  SilentLogWriteData                                 isrt.obl(Silent.obs)
619  SilentReadData                                     isrt.obl(Silent.obs)
620  SilentSetInfo                                      isrt.obl(Silent.obs)
621  SilentSetMode                                      isrt.obl(Silent.obs)
622  SilentWriteData                                    isrt.obl(Silent.obs)
623  Sprintf                                            isrt.obl(Str.obs)
624  SprintfBox                                         isrt.obl(ISRTScriptDialogsPriv.obs)
625  StatusUpdate                                       isrt.obl(ui.obs)
626  StrAddLastSlash                                    isrt.obl(Str.obs)
627  StrConvertSizeUnit                                 isrt.obl(Str.obs)
628  StrFindEx                                          isrt.obl(Str.obs)
629  StrGetTokens                                       isrt.obl(Str.obs)
630  StrLength                                          isrt.obl(Str.obs)
631  StrRemoveLastSlash                                 isrt.obl(Str.obs)
632  StrReplace                                         isrt.obl(Str.obs)
633  StrToNumHex                                        isrt.obl(Str.obs)
634  StrToUpper                                         isrt.obl(Str.obs)
635  StrTrim                                            isrt.obl(Str.obs)
636  SuiteLogInfo                                       isrt.obl(SuiteWrappers.obs)
637  SuiteReportError                                   isrt.obl(SuiteWrappers.obs)
638  SysVarsInit                                        isrt.obl(SysVars.obs)
639  SysVarsTrace                                       isrt.obl(SysVars.obs)
640  SysVarsUnInit                                      isrt.obl(SysVars.obs)
641  System                                             isrt.obl(Misc.obs)
642  SystemRestoreCancelRestorePointIS                  isrt.obl(PCRestore.obs)
643  SystemRestoreCloseRestorePointIS                   isrt.obl(PCRestore.obs)
644  SystemRestoreDisableIS                             isrt.obl(PCRestore.obs)
645  SystemRestoreIsEnabledIS                           isrt.obl(PCRestore.obs)
646  SystemRestoreOpenRestorePointIS                    isrt.obl(PCRestore.obs)
647  TextSubGetValue                                    isrt.obl(TextSub.obs)
648  TextSubParseTextSub                                isrt.obl(TextSub.obs)
649  TextSubSetValue                                    isrt.obl(TextSub.obs)
650  TextSubSubstitute                                  isrt.obl(TextSub.obs)
651  TreeViewCreate                                     isrt.obl(CmptView.obs)
652  USER.EnableWindow                                  SETUP.obs
653  USER.GetClassName                                  SETUP.obs
654  USER.GetDC                                         SETUP.obs
655  USER.GetDlgItem                                    SETUP.obs
656  USER.GetFocus                                      SETUP.obs
657  USER.GetWindowLong                                 SETUP.obs
658  USER.GetWindowRect                                 SETUP.obs
659  USER.IsIconic                                      SETUP.obs
660  USER.IsWindow                                      SETUP.obs
661  USER.PostMessage                                   SETUP.obs
662  USER.ReleaseDC                                     SETUP.obs
663  USER.SendMessageW                                  ifx.obl(EventsPriv.obs)
664  USER.SetFocus                                      SETUP.obs
665  USER.SetWindowPos                                  SETUP.obs
666  USER.SetWindowText                                 SETUP.obs
667  USER.ShowWindow                                    SETUP.obs
668  USER32.CharUpperBuffW                              ifx.obl(EventsPriv.obs)
669  USER32.DispatchMessage                             ifx.obl(EventsPriv.obs)
670  USER32.GetDesktopWindow                            ifx.obl(EventsPriv.obs)
671  USER32.GetSystemMetrics                            ifx.obl(EventsPriv.obs)
672  USER32.GetWindowText                               ifx.obl(EventsPriv.obs)
673  USER32.GetWindowTextLength                         ifx.obl(EventsPriv.obs)
674  USER32.IsWindowVisible                             ifx.obl(EventsPriv.obs)
675  USER32.MessageBoxW                                 ifx.obl(EventsPriv.obs)
676  USER32.MsgWaitForMultipleObjects                   ifx.obl(EventsPriv.obs)
677  USER32.PeekMessageW                                ifx.obl(EventsPriv.obs)
678  USER32.SendMessageW                                ifx.obl(EventsPriv.obs)
679  USER32.SetForegroundWindow                         ifx.obl(EventsPriv.obs)
680  USER32.SetWindowLong                               ifx.obl(EventsPriv.obs)
681  USER32.SetWindowRgn                                ifx.obl(EventsPriv.obs)
682  USER32.TranslateMessage                            ifx.obl(EventsPriv.obs)
683  USER32.WaitForInputIdle                            ifx.obl(EventsPriv.obs)
684  UpdateServiceEnableUpdateService                   isrt.obl(ISUpdateService.obs)
685  VarInit                                            isrt.obl(SysVars.obs)
686  VarRestore                                         isrt.obl(SysVars.obs)
687  VarRestoreISRT                                     isrt.obl(SysVars.obs)
688  VarSave                                            isrt.obl(SysVars.obs)
689  VarSaveISRT                                        isrt.obl(SysVars.obs)
690  VerCompare                                         isrt.obl(version.obs)
691  VerProductCompareVersions                          isrt.obl(version.obs)
692  VerProductGetInstalledVersion                      isrt.obl(version.obs)
693  VerProductIsVersionSupported                       isrt.obl(version.obs)
694  VerProductNumToStr                                 isrt.obl(version.obs)
695  VerProductStrToNum                                 isrt.obl(version.obs)
696  VerProductVerFromVerParts                          isrt.obl(version.obs)
697  VerProductVerPartsFromVer                          isrt.obl(version.obs)
698  WaitForApplication                                 isrt.obl(Extend.obs)
699  WaitOnDialog                                       isrt.obl(CustomDialog.obs)
700  WizardDirection                                    ifx.obl(EventsSetupPriv.obs)
701  WriteLine                                          isrt.obl(Files.obs)
702  WriteProfInt                                       isrt.obl(Profile.obs)
703  WriteProfString                                    isrt.obl(Profile.obs)
704  WriteProperties                                    ifx.obl(PersistPropertyBag.obs)
705  __ISRTDoExit                                       isrt.obl(Misc.obs)
706  __ISRTInit                                         isrt.obl(ISRTInit.obs)
707  __ISRTRestoreMainLog                               isrt.obl(ISRTInit.obs)
708  __ISRTRestoreMainLogEx                             isrt.obl(ISRTInit.obs)
709  __ISRTSetComponentLog                              isrt.obl(ISRTInit.obs)
710  __ISRTUnInit                                       isrt.obl(ISRTInit.obs)
711  __LoadIScriptString                                isrt.obl(LoadStr.obs)
712  program                                            ifx.obl(EventsSetupPriv.obs)
713  sfc.SRSetRestorePointW                             ifx.obl(EventsPriv.obs)


***** External Variables *****
1    ADDREMOVE                                          isrt.obl(DebugSymbols.obs)
2    ADDREMOVE_COMBINEDBUTTON                           SETUP.obs
3    ADDREMOVE_HIDECHANGEOPTION                         SETUP.obs
4    ADDREMOVE_HIDEREMOVEOPTION                         SETUP.obs
5    ADDREMOVE_HIDEREPAIROPTION                         SETUP.obs
6    ADDREMOVE_STRING_REMOVEONLY                        SETUP.obs
7    ADDREMOVE_SYSTEMCOMPONENT                          SETUP.obs
8    ADMINUSER                                          SETUP.obs
9    ALLUSERS                                           SETUP.obs
10   BASICMSI                                           isrt.obl(DebugSymbols.obs)
11   BATCH_INSTALL                                      SETUP.obs
12   CMDLINE                                            isrt.obl(DebugSymbols.obs)
13   COMMONFILES                                        isrt.obl(DebugSymbols.obs)
14   COMMONFILES64                                      isrt.obl(DebugSymbols.obs)
15   DISABLE_ALLUSERBTN                                 SETUP.obs
16   DISABLE_PERUSERBTN                                 SETUP.obs
17   DISK1SETUPEXENAME                                  isrt.obl(DebugSymbols.obs)
18   DISK1TARGET                                        SETUP.obs
19   ENABLED_ISERVICES                                  isrt.obl(DebugSymbols.obs)
20   ENGINECOMMONDIR                                    isrt.obl(DebugSymbols.obs)
21   ENGINEDIR                                          isrt.obl(DebugSymbols.obs)
22   ERRORFILENAME                                      SETUP.obs
23   Err                                                SETUP.obs
24   FILETIME                                           SETUP.obs
25   FIND_DATAW                                         SETUP.obs
26   FOLDER_APPDATA                                     isrt.obl(DebugSymbols.obs)
27   FOLDER_COMMON_APPDATA                              isrt.obl(DebugSymbols.obs)
28   FOLDER_DESKTOP                                     isrt.obl(DebugSymbols.obs)
29   FOLDER_DOTNET_10                                   isrt.obl(DebugSymbols.obs)
30   FOLDER_DOTNET_11                                   isrt.obl(DebugSymbols.obs)
31   FOLDER_DOTNET_20                                   isrt.obl(DebugSymbols.obs)
32   FOLDER_DOTNET_30                                   isrt.obl(DebugSymbols.obs)
33   FOLDER_DOTNET_35                                   isrt.obl(DebugSymbols.obs)
34   FOLDER_DOTNET_40                                   isrt.obl(DebugSymbols.obs)
35   FOLDER_FONTS                                       isrt.obl(DebugSymbols.obs)
36   FOLDER_LOCAL_APPDATA                               isrt.obl(DebugSymbols.obs)
37   FOLDER_PERSONAL                                    isrt.obl(DebugSymbols.obs)
38   FOLDER_PROGRAMS                                    isrt.obl(DebugSymbols.obs)
39   FOLDER_STARTMENU                                   isrt.obl(DebugSymbols.obs)
40   FOLDER_STARTUP                                     isrt.obl(DebugSymbols.obs)
41   FOLDER_TEMP                                        isrt.obl(DebugSymbols.obs)
42   FileRegistrar                                      SETUP.obs
43   HIDE_DISABLED_BTNS                                 SETUP.obs
44   HKEYCURRENTROOTKEY                                 SETUP.obs
45   IFX_COMPANY_NAME                                   SETUP.obs
46   IFX_DISK1INSTALLED                                 SETUP.obs
47   IFX_INITIALIZED                                    SETUP.obs
48   IFX_INSTALLED_DISPLAY_VERSION                      SETUP.obs
49   IFX_INSTALLED_VERSION                              SETUP.obs
50   IFX_KEYPATH_PRODUCT_INFO                           SETUP.obs
51   IFX_MULTI_INSTANCE_SUFFIX                          SETUP.obs
52   IFX_OPEN_RESTORE_POINT                             isrt.obl(PCRestore.obs)
53   IFX_PRODUCT_COMMENTS                               SETUP.obs
54   IFX_PRODUCT_DISPLAY_NAME                           SETUP.obs
55   IFX_PRODUCT_DISPLAY_VERSION                        SETUP.obs
56   IFX_PRODUCT_ICON                                   SETUP.obs
57   IFX_PRODUCT_KEY                                    SETUP.obs
58   IFX_PRODUCT_NAME                                   SETUP.obs
59   IFX_PRODUCT_README                                 SETUP.obs
60   IFX_PRODUCT_REGISTEREDCOMPANY                      SETUP.obs
61   IFX_PRODUCT_REGISTEREDOWNER                        SETUP.obs
62   IFX_PRODUCT_REGISTEREDSERIALNUM                    SETUP.obs
63   IFX_PRODUCT_SUPPORT_CONTACT                        SETUP.obs
64   IFX_PRODUCT_SUPPORT_PHONE                          SETUP.obs
65   IFX_PRODUCT_SUPPORT_URL                            SETUP.obs
66   IFX_PRODUCT_UPDATE_URL                             SETUP.obs
67   IFX_PRODUCT_URL                                    SETUP.obs
68   IFX_PRODUCT_VERSION                                SETUP.obs
69   IFX_RESTORE_DISABLED                               isrt.obl(PCRestore.obs)
70   IFX_SETUP_TITLE                                    SETUP.obs
71   IFX_SUPPORTED_VERSIONS                             SETUP.obs
72   IISROOTFOLDER                                      isrt.obl(DebugSymbols.obs)
73   INSTALLSCRIPTMSI                                   isrt.obl(DebugSymbols.obs)
74   INSTALLSCRIPTMSIEEUI                               isrt.obl(DebugSymbols.obs)
75   INSTANCE_GUID                                      isrt.obl(DebugSymbols.obs)
76   ISDIFXAPPID                                        SETUP.obs
77   ISRES                                              isrt.obl(DebugSymbols.obs)
78   ISUSER                                             isrt.obl(DebugSymbols.obs)
79   ISUTIL_FUNCTION_ACTUAL_ERROR                       SETUP.obs
80   ISUTIL_LINE_NUMBER                                 SETUP.obs
81   ISUTIL_SCRIPT_FILE                                 SETUP.obs
82   ISVERSION                                          isrt.obl(DebugSymbols.obs)
83   IS_NULLSTR_PTR                                     SETUP.obs
84   InetSRCDIR                                         SETUP.obs
85   LAAW_PARAMETERS                                    SETUP.obs
86   LAAW_PROCESS_INFORMATION                           SETUP.obs
87   LAAW_SHELLEXECUTEINFO                              SETUP.obs
88   LAAW_SHELLEXECUTEVERB                              SETUP.obs
89   LAAW_STARTUPINFO                                   SETUP.obs
90   LAST_RESULT                                        SETUP.obs
91   LogDB                                              SETUP.obs
92   MAINTENANCE                                        isrt.obl(DebugSymbols.obs)
93   MAINT_OPTION                                       isrt.obl(DebugSymbols.obs)
94   MEDIA                                              SETUP.obs
95   MEDIA_INFO                                         isrt.obl(Feature.obs)
96   MODE                                               SETUP.obs
97   MSG                                                SETUP.obs
98   MULTI_INSTANCE_COUNT                               isrt.obl(DebugSymbols.obs)
99   MainWindow                                         SETUP.obs
100  NOTHING                                            SETUP.obs
101  OSINFO_PLATFORM_INFO                               SETUP.obs
102  OSINFO_PROCESSOR_INFO                              SETUP.obs
103  OSVERSIONINFOEXW                                   SETUP.obs
104  OSVERSIONINFOW                                     SETUP.obs
105  Objects                                            SETUP.obs
106  PACKAGE_LOCATION                                   isrt.obl(DebugSymbols.obs)
107  POINT                                              SETUP.obs
108  PRIVILEGED                                         SETUP.obs
109  PROCESS_INFORMATION                                SETUP.obs
110  PRODUCT_GUID                                       isrt.obl(DebugSymbols.obs)
111  PROGRAMFILES                                       isrt.obl(DebugSymbols.obs)
112  PROGRAMFILES64                                     isrt.obl(DebugSymbols.obs)
113  RECT                                               SETUP.obs
114  REGDB_OPTIONS                                      SETUP.obs
115  REINSTALLMODE                                      isrt.obl(DebugSymbols.obs)
116  REMOVEALLMODE                                      isrt.obl(DebugSymbols.obs)
117  REMOVEONLY                                         isrt.obl(DebugSymbols.obs)
118  RUN_ONCE_PROGRAM                                   isrt.obl(DebugSymbols.obs)
119  Reboot                                             SETUP.obs
120  SELECTED_LANGUAGE                                  isrt.obl(DebugSymbols.obs)
121  SERVICE_IS_PARAMS                                  SETUP.obs
122  SETUPTYPE_STR_COMPACT                              SETUP.obs
123  SETUPTYPE_STR_COMPLETE                             SETUP.obs
124  SETUPTYPE_STR_CUSTOM                               SETUP.obs
125  SETUPTYPE_STR_TYPICAL                              SETUP.obs
126  SHAREDSUPPORTDIR                                   isrt.obl(DebugSymbols.obs)
127  SHELLEXECUTEINFOW                                  SETUP.obs
128  SHELL_OBJECT_FOLDER                                SETUP.obs
129  SHOW_PASSWORD_DIALOG                               isrt.obl(DebugSymbols.obs)
130  SRCDIR                                             SETUP.obs
131  SRCDISK                                            isrt.obl(DebugSymbols.obs)
132  STANDARD_SELECTED_LANGUAGE                         isrt.obl(DebugSymbols.obs)
133  STARTUPINFOW                                       SETUP.obs
134  SUITE_HOSTED                                       isrt.obl(DebugSymbols.obs)
135  SUPPORTDIR                                         isrt.obl(DebugSymbols.obs)
136  SYSINFO                                            SETUP.obs
137  SYSPROCESSORINFO                                   SETUP.obs
138  SYSTEMTIME                                         SETUP.obs
139  SetupInfo                                          SETUP.obs
140  StatusDlg                                          SETUP.obs
141  SuiteHost                                          SETUP.obs
142  TARGETDIR                                          SETUP.obs
143  TARGETDISK                                         isrt.obl(DebugSymbols.obs)
144  TextSub                                            SETUP.obs
145  UNINST                                             SETUP.obs
146  UNINSTALLKEY                                       SETUP.obs
147  UNINSTALL_DISPLAYNAME                              SETUP.obs
148  UNINSTALL_STRING                                   SETUP.obs
149  UPDATEMODE                                         SETUP.obs
150  WINDIR                                             isrt.obl(DebugSymbols.obs)
151  WINDISK                                            isrt.obl(DebugSymbols.obs)
152  WINSYSDIR                                          isrt.obl(DebugSymbols.obs)
153  WINSYSDIR64                                        isrt.obl(DebugSymbols.obs)
154  WINSYSDISK                                         isrt.obl(DebugSymbols.obs)
155  _FONTFILEINFO                                      SETUP.obs
156  _INT64                                             SETUP.obs
157  _ISDIFXINSTALLERINFO                               isrt.obl(ISDIFx.obs)
158  _LAAW_PARAMETERS                                   SETUP.obs
159  _LAAW_TEMP_DATA                                    isrt.obl(Extend.obs)
160  _RESTOREPOINTINFO                                  SETUP.obs
161  _SERVICE_IS_PARAMS                                 SETUP.obs
162  _STATEMGRSTATUS                                    SETUP.obs
163  _WIN9X                                             SETUP.obs
164  _WINNT                                             SETUP.obs
165  __hContext                                         ifx.obl(EventsPriv.obs)
166  __objGlobalTextSub                                 SETUP.obs
167  __szGUID                                           SETUP.obs
168  bBackButton                                        SETUP.obs
169  bCancelButton                                      SETUP.obs
170  bEnterDiskBeep                                     SETUP.obs
171  bFinishButton                                      SETUP.obs
172  bIFXLFNoToAll                                      SETUP.obs
173  bIFXLFOnRebootToAll                                SETUP.obs
174  bIFXLFYesToAll                                     SETUP.obs
175  bIFXMD5IgnoreToAll                                 SETUP.obs
176  bIFXRONoToAll                                      SETUP.obs
177  bIFXROYesToAll                                     SETUP.obs
178  bIFXSFNoToAll                                      SETUP.obs
179  bIFXSFYesToAll                                     SETUP.obs
180  bInstall16                                         SETUP.obs
181  bNextButton                                        SETUP.obs
182  bSdInit                                            SETUP.obs
183  bViewCmptKunits                                    SETUP.obs
184  bViewCmptUseDecimal                                SETUP.obs
185  g_bSuppressMissingStringWarning                    isrt.obl(Enable.obs)
186  nDlgAskDestPath                                    isrt.obl(Activation.obs)
187  nDlgAskYesNo                                       isrt.obl(Activation.obs)
188  nDlgEnterPassword                                  isrt.obl(Activation.obs)
189  nDlgMessageBox                                     isrt.obl(Activation.obs)
190  nDlgSelectDir                                      isrt.obl(Activation.obs)
191  nDlgSprintfBox                                     isrt.obl(Activation.obs)
192  nSdComponentTree                                   SETUP.obs
193  nSdFinish                                          SETUP.obs
194  nSdFinishReboot                                    SETUP.obs
195  nSdShowInfoList                                    SETUP.obs
196  nSdWelcome                                         SETUP.obs
197  nSdWelcomeMaint                                    SETUP.obs
198  szAppKey                                           SETUP.obs
199  szSdProduct                                        SETUP.obs
200  szSdStr_NotEnoughSpace                             SETUP.obs
